Archive member included to satisfy reference by file (symbol)

/opt/Atollic_TrueSTUDIO_for_STM32_x86_64_9.3.0/ARMTools/bin/../lib/gcc/arm-atollic-eabi/6.3.1/../../../../arm-atollic-eabi/lib/armv7e-m/fpu/libc_nano.a(lib_a-init.o)
                              src/startup_stm32f40xx.o (__libc_init_array)
/opt/Atollic_TrueSTUDIO_for_STM32_x86_64_9.3.0/ARMTools/bin/../lib/gcc/arm-atollic-eabi/6.3.1/../../../../arm-atollic-eabi/lib/armv7e-m/fpu/libc_nano.a(lib_a-memcpy-stub.o)
                              Libraries/FreeRTOS/queue.o (memcpy)
/opt/Atollic_TrueSTUDIO_for_STM32_x86_64_9.3.0/ARMTools/bin/../lib/gcc/arm-atollic-eabi/6.3.1/../../../../arm-atollic-eabi/lib/armv7e-m/fpu/libc_nano.a(lib_a-memset.o)
                              Libraries/FreeRTOS/stream_buffer.o (memset)
/opt/Atollic_TrueSTUDIO_for_STM32_x86_64_9.3.0/ARMTools/bin/../lib/gcc/arm-atollic-eabi/6.3.1/../../../../arm-atollic-eabi/lib/armv7e-m/fpu/libc_nano.a(lib_a-strlen.o)
                              src/Cmds.o (strlen)
/opt/Atollic_TrueSTUDIO_for_STM32_x86_64_9.3.0/ARMTools/bin/../lib/gcc/arm-atollic-eabi/6.3.1/../../../../arm-atollic-eabi/lib/armv7e-m/fpu/libc_nano.a(lib_a-strncpy.o)
                              src/Uart2_Outp.o (strncpy)
/opt/Atollic_TrueSTUDIO_for_STM32_x86_64_9.3.0/ARMTools/bin/../lib/gcc/arm-atollic-eabi/6.3.1/armv7e-m/fpu/libgcc.a(_arm_addsubdf3.o)
                              src/i2c_master.o (__aeabi_f2d)
/opt/Atollic_TrueSTUDIO_for_STM32_x86_64_9.3.0/ARMTools/bin/../lib/gcc/arm-atollic-eabi/6.3.1/armv7e-m/fpu/libgcc.a(_arm_muldivdf3.o)
                              src/i2c_master.o (__aeabi_dmul)
/opt/Atollic_TrueSTUDIO_for_STM32_x86_64_9.3.0/ARMTools/bin/../lib/gcc/arm-atollic-eabi/6.3.1/armv7e-m/fpu/libgcc.a(_arm_fixdfsi.o)
                              src/i2c_master.o (__aeabi_d2iz)
/opt/Atollic_TrueSTUDIO_for_STM32_x86_64_9.3.0/ARMTools/bin/../lib/gcc/arm-atollic-eabi/6.3.1/armv7e-m/fpu/libgcc.a(_arm_truncdfsf2.o)
                              src/i2c_master.o (__aeabi_d2f)

Allocating common symbols
Common symbol       size              file

xQueueRegistry      0x40              Libraries/FreeRTOS/queue.o

Discarded input sections

 .text          0x0000000000000000        0x0 /opt/Atollic_TrueSTUDIO_for_STM32_x86_64_9.3.0/ARMTools/bin/../lib/gcc/arm-atollic-eabi/6.3.1/armv7e-m/fpu/crti.o
 .data          0x0000000000000000        0x0 /opt/Atollic_TrueSTUDIO_for_STM32_x86_64_9.3.0/ARMTools/bin/../lib/gcc/arm-atollic-eabi/6.3.1/armv7e-m/fpu/crti.o
 .bss           0x0000000000000000        0x0 /opt/Atollic_TrueSTUDIO_for_STM32_x86_64_9.3.0/ARMTools/bin/../lib/gcc/arm-atollic-eabi/6.3.1/armv7e-m/fpu/crti.o
 .data          0x0000000000000000        0x4 /opt/Atollic_TrueSTUDIO_for_STM32_x86_64_9.3.0/ARMTools/bin/../lib/gcc/arm-atollic-eabi/6.3.1/armv7e-m/fpu/crtbegin.o
 .text          0x0000000000000000        0x0 Libraries/FreeRTOS/croutine.o
 .data          0x0000000000000000        0x0 Libraries/FreeRTOS/croutine.o
 .bss           0x0000000000000000        0x0 Libraries/FreeRTOS/croutine.o
 .debug_info    0x0000000000000000       0x9a Libraries/FreeRTOS/croutine.o
 .debug_abbrev  0x0000000000000000       0x44 Libraries/FreeRTOS/croutine.o
 .debug_aranges
                0x0000000000000000       0x18 Libraries/FreeRTOS/croutine.o
 .debug_line    0x0000000000000000      0x11e Libraries/FreeRTOS/croutine.o
 .debug_str     0x0000000000000000      0x1e3 Libraries/FreeRTOS/croutine.o
 .comment       0x0000000000000000       0x7d Libraries/FreeRTOS/croutine.o
 .ARM.attributes
                0x0000000000000000       0x39 Libraries/FreeRTOS/croutine.o
 .text          0x0000000000000000        0x0 Libraries/FreeRTOS/event_groups.o
 .data          0x0000000000000000        0x0 Libraries/FreeRTOS/event_groups.o
 .bss           0x0000000000000000        0x0 Libraries/FreeRTOS/event_groups.o
 .text.xEventGroupCreateStatic
                0x0000000000000000       0x6a Libraries/FreeRTOS/event_groups.o
 .text.xEventGroupCreate
                0x0000000000000000       0x34 Libraries/FreeRTOS/event_groups.o
 .text.xEventGroupSync
                0x0000000000000000      0x158 Libraries/FreeRTOS/event_groups.o
 .text.xEventGroupWaitBits
                0x0000000000000000      0x194 Libraries/FreeRTOS/event_groups.o
 .text.xEventGroupClearBits
                0x0000000000000000       0x6c Libraries/FreeRTOS/event_groups.o
 .text.xEventGroupGetBitsFromISR
                0x0000000000000000       0x46 Libraries/FreeRTOS/event_groups.o
 .text.xEventGroupSetBits
                0x0000000000000000      0x112 Libraries/FreeRTOS/event_groups.o
 .text.vEventGroupDelete
                0x0000000000000000       0x68 Libraries/FreeRTOS/event_groups.o
 .text.vEventGroupSetBitsCallback
                0x0000000000000000       0x1a Libraries/FreeRTOS/event_groups.o
 .text.vEventGroupClearBitsCallback
                0x0000000000000000       0x1a Libraries/FreeRTOS/event_groups.o
 .text.prvTestWaitCondition
[...]
Memory Configuration

Name             Origin             Length             Attributes
RAM              0x0000000020000000 0x0000000000020000 xrw
CCMRAM           0x0000000010000000 0x0000000000010000 rw
FLASH            0x0000000008000000 0x0000000000100000 xr
MEMORY_B1        0x0000000060000000 0x0000000000000000 xr
*default*        0x0000000000000000 0xffffffffffffffff

Linker script and memory map

LOAD /opt/Atollic_TrueSTUDIO_for_STM32_x86_64_9.3.0/ARMTools/bin/../lib/gcc/arm-atollic-eabi/6.3.1/armv7e-m/fpu/crti.o
LOAD /opt/Atollic_TrueSTUDIO_for_STM32_x86_64_9.3.0/ARMTools/bin/../lib/gcc/arm-atollic-eabi/6.3.1/armv7e-m/fpu/crtbegin.o
LOAD Libraries/FreeRTOS/croutine.o
LOAD Libraries/FreeRTOS/event_groups.o
LOAD Libraries/FreeRTOS/freertos.o
LOAD Libraries/FreeRTOS/heap_4.o
LOAD Libraries/FreeRTOS/list.o
LOAD Libraries/FreeRTOS/port.o
LOAD Libraries/FreeRTOS/queue.o
LOAD Libraries/FreeRTOS/stream_buffer.o
LOAD Libraries/FreeRTOS/tasks.o
LOAD Libraries/FreeRTOS/timers.o
LOAD Libraries/STM32F4xx_StdPeriph_Driver/src/misc.o
LOAD Libraries/STM32F4xx_StdPeriph_Driver/src/stm32f4xx_adc.o
LOAD Libraries/STM32F4xx_StdPeriph_Driver/src/stm32f4xx_can.o
LOAD Libraries/STM32F4xx_StdPeriph_Driver/src/stm32f4xx_crc.o
LOAD Libraries/STM32F4xx_StdPeriph_Driver/src/stm32f4xx_cryp.o
LOAD Libraries/STM32F4xx_StdPeriph_Driver/src/stm32f4xx_cryp_aes.o
LOAD Libraries/STM32F4xx_StdPeriph_Driver/src/stm32f4xx_cryp_des.o
LOAD Libraries/STM32F4xx_StdPeriph_Driver/src/stm32f4xx_cryp_tdes.o
LOAD Libraries/STM32F4xx_StdPeriph_Driver/src/stm32f4xx_dac.o
LOAD Libraries/STM32F4xx_StdPeriph_Driver/src/stm32f4xx_dbgmcu.o
LOAD Libraries/STM32F4xx_StdPeriph_Driver/src/stm32f4xx_dcmi.o
LOAD Libraries/STM32F4xx_StdPeriph_Driver/src/stm32f4xx_dma.o
LOAD Libraries/STM32F4xx_StdPeriph_Driver/src/stm32f4xx_exti.o
LOAD Libraries/STM32F4xx_StdPeriph_Driver/src/stm32f4xx_flash.o
LOAD Libraries/STM32F4xx_StdPeriph_Driver/src/stm32f4xx_fsmc.o
LOAD Libraries/STM32F4xx_StdPeriph_Driver/src/stm32f4xx_gpio.o
LOAD Libraries/STM32F4xx_StdPeriph_Driver/src/stm32f4xx_hash.o
LOAD Libraries/STM32F4xx_StdPeriph_Driver/src/stm32f4xx_hash_md5.o
LOAD Libraries/STM32F4xx_StdPeriph_Driver/src/stm32f4xx_hash_sha1.o
LOAD Libraries/STM32F4xx_StdPeriph_Driver/src/stm32f4xx_i2c.o
LOAD Libraries/STM32F4xx_StdPeriph_Driver/src/stm32f4xx_iwdg.o
LOAD Libraries/STM32F4xx_StdPeriph_Driver/src/stm32f4xx_pwr.o
LOAD Libraries/STM32F4xx_StdPeriph_Driver/src/stm32f4xx_rcc.o
LOAD Libraries/STM32F4xx_StdPeriph_Driver/src/stm32f4xx_rng.o
LOAD Libraries/STM32F4xx_StdPeriph_Driver/src/stm32f4xx_rtc.o
LOAD Libraries/STM32F4xx_StdPeriph_Driver/src/stm32f4xx_sdio.o
LOAD Libraries/STM32F4xx_StdPeriph_Driver/src/stm32f4xx_spi.o
LOAD Libraries/STM32F4xx_StdPeriph_Driver/src/stm32f4xx_syscfg.o
LOAD Libraries/STM32F4xx_StdPeriph_Driver/src/stm32f4xx_tim.o
LOAD Libraries/STM32F4xx_StdPeriph_Driver/src/stm32f4xx_usart.o
LOAD Libraries/STM32F4xx_StdPeriph_Driver/src/stm32f4xx_wwdg.o
LOAD src/Cmds.o
LOAD src/Uart2_Inp.o
LOAD src/Uart2_Outp.o
LOAD src/i2c_master.o
LOAD src/main.o
LOAD src/startup_stm32f40xx.o
LOAD src/stm32f4xx_it.o
LOAD src/system_stm32f4xx.o
LOAD src/timer.o
LOAD src/tiny_printf.o
LOAD src/utils.o
                0x0000000000000080                malloc_getpagesize_P = 0x80
START GROUP
LOAD /opt/Atollic_TrueSTUDIO_for_STM32_x86_64_9.3.0/ARMTools/bin/../lib/gcc/arm-atollic-eabi/6.3.1/../../../../arm-atollic-eabi/lib/armv7e-m/fpu/libc_nano.a
LOAD /opt/Atollic_TrueSTUDIO_for_STM32_x86_64_9.3.0/ARMTools/bin/../lib/gcc/arm-atollic-eabi/6.3.1/../../../../arm-atollic-eabi/lib/armv7e-m/fpu/libm.a
END GROUP
START GROUP
LOAD /opt/Atollic_TrueSTUDIO_for_STM32_x86_64_9.3.0/ARMTools/bin/../lib/gcc/arm-atollic-eabi/6.3.1/armv7e-m/fpu/libgcc.a
LOAD /opt/Atollic_TrueSTUDIO_for_STM32_x86_64_9.3.0/ARMTools/bin/../lib/gcc/arm-atollic-eabi/6.3.1/../../../../arm-atollic-eabi/lib/armv7e-m/fpu/libc_nano.a
END GROUP
START GROUP
LOAD /opt/Atollic_TrueSTUDIO_for_STM32_x86_64_9.3.0/ARMTools/bin/../lib/gcc/arm-atollic-eabi/6.3.1/armv7e-m/fpu/libgcc.a
LOAD /opt/Atollic_TrueSTUDIO_for_STM32_x86_64_9.3.0/ARMTools/bin/../lib/gcc/arm-atollic-eabi/6.3.1/../../../../arm-atollic-eabi/lib/armv7e-m/fpu/libc_nano.a
LOAD /opt/Atollic_TrueSTUDIO_for_STM32_x86_64_9.3.0/ARMTools/bin/../lib/gcc/arm-atollic-eabi/6.3.1/../../../../arm-atollic-eabi/lib/armv7e-m/fpu/libnosys.a
END GROUP
START GROUP
LOAD /opt/Atollic_TrueSTUDIO_for_STM32_x86_64_9.3.0/ARMTools/bin/../lib/gcc/arm-atollic-eabi/6.3.1/armv7e-m/fpu/libgcc.a
LOAD /opt/Atollic_TrueSTUDIO_for_STM32_x86_64_9.3.0/ARMTools/bin/../lib/gcc/arm-atollic-eabi/6.3.1/../../../../arm-atollic-eabi/lib/armv7e-m/fpu/libc_nano.a
LOAD /opt/Atollic_TrueSTUDIO_for_STM32_x86_64_9.3.0/ARMTools/bin/../lib/gcc/arm-atollic-eabi/6.3.1/../../../../arm-atollic-eabi/lib/armv7e-m/fpu/libnosys.a
END GROUP
LOAD /opt/Atollic_TrueSTUDIO_for_STM32_x86_64_9.3.0/ARMTools/bin/../lib/gcc/arm-atollic-eabi/6.3.1/armv7e-m/fpu/crtend.o
LOAD /opt/Atollic_TrueSTUDIO_for_STM32_x86_64_9.3.0/ARMTools/bin/../lib/gcc/arm-atollic-eabi/6.3.1/armv7e-m/fpu/crtn.o
                0x0000000020020000                _estack = 0x20020000
                0x0000000000000200                _Min_Heap_Size = 0x200
                0x0000000000000400                _Min_Stack_Size = 0x400

.isr_vector     0x0000000008000000      0x188
                0x0000000008000000                . = ALIGN (0x4)
 *(.isr_vector)
 .isr_vector    0x0000000008000000      0x188 src/startup_stm32f40xx.o
                0x0000000008000000                g_pfnVectors
                0x0000000008000188                . = ALIGN (0x4)

.text           0x0000000008000190     0x5d50
                0x0000000008000190                . = ALIGN (0x4)
 *(.text)
 .text          0x0000000008000190       0x40 /opt/Atollic_TrueSTUDIO_for_STM32_x86_64_9.3.0/ARMTools/bin/../lib/gcc/arm-atollic-eabi/6.3.1/armv7e-m/fpu/crtbegin.o
 .text          0x00000000080001d0       0x10 /opt/Atollic_TrueSTUDIO_for_STM32_x86_64_9.3.0/ARMTools/bin/../lib/gcc/arm-atollic-eabi/6.3.1/../../../../arm-atollic-eabi/lib/armv7e-m/fpu/libc_nano.a(lib_a-strlen.o)
                0x00000000080001d0                strlen
 .text          0x00000000080001e0      0x370 /opt/Atollic_TrueSTUDIO_for_STM32_x86_64_9.3.0/ARMTools/bin/../lib/gcc/arm-atollic-eabi/6.3.1/armv7e-m/fpu/libgcc.a(_arm_addsubdf3.o)
                0x00000000080001e0                __aeabi_drsub
                0x00000000080001e8                __aeabi_dsub
                0x00000000080001e8                __subdf3
                0x00000000080001ec                __adddf3
                0x00000000080001ec                __aeabi_dadd
                0x0000000008000464                __aeabi_ui2d
                0x0000000008000464                __floatunsidf
                0x0000000008000484                __floatsidf
                0x0000000008000484                __aeabi_i2d
                0x00000000080004a8                __extendsfdf2
                0x00000000080004a8                __aeabi_f2d
                0x00000000080004e4                __aeabi_ul2d
                0x00000000080004e4                __floatundidf
                0x00000000080004f4                __floatdidf
                0x00000000080004f4                __aeabi_l2d
 .text          0x0000000008000550      0x424 /opt/Atollic_TrueSTUDIO_for_STM32_x86_64_9.3.0/ARMTools/bin/../lib/gcc/arm-atollic-eabi/6.3.1/armv7e-m/fpu/libgcc.a(_arm_muldivdf3.o)
                0x0000000008000550                __aeabi_dmul
                0x0000000008000550                __muldf3
                0x00000000080007a4                __aeabi_ddiv
                0x00000000080007a4                __divdf3
 .text          0x0000000008000974       0x50 /opt/Atollic_TrueSTUDIO_for_STM32_x86_64_9.3.0/ARMTools/bin/../lib/gcc/arm-atollic-eabi/6.3.1/armv7e-m/fpu/libgcc.a(_arm_fixdfsi.o)
                0x0000000008000974                __fixdfsi
                0x0000000008000974                __aeabi_d2iz
 .text          0x00000000080009c4       0xa0 /opt/Atollic_TrueSTUDIO_for_STM32_x86_64_9.3.0/ARMTools/bin/../lib/gcc/arm-atollic-eabi/6.3.1/armv7e-m/fpu/libgcc.a(_arm_truncdfsf2.o)
                0x00000000080009c4                __aeabi_d2f
                0x00000000080009c4                __truncdfsf2
 *(.text*)
 .text.vApplicationGetIdleTaskMemory
                0x0000000008000a64       0x34 Libraries/FreeRTOS/freertos.o
                0x0000000008000a64                vApplicationGetIdleTaskMemory
 .text.pvPortMalloc
                0x0000000008000a98      0x184 Libraries/FreeRTOS/heap_4.o
                0x0000000008000a98                pvPortMalloc
 .text.vPortFree
                0x0000000008000c1c       0xb0 Libraries/FreeRTOS/heap_4.o
                0x0000000008000c1c                vPortFree
 .text.prvHeapInit
                0x0000000008000ccc       0xc4 Libraries/FreeRTOS/heap_4.o
 .text.prvInsertBlockIntoFreeList
                0x0000000008000d90       0xb4 Libraries/FreeRTOS/heap_4.o
 .text.vListInitialise
                0x0000000008000e44       0x40 Libraries/FreeRTOS/list.o
                0x0000000008000e44                vListInitialise
 .text.vListInitialiseItem
                0x0000000008000e84       0x1a Libraries/FreeRTOS/list.o
                0x0000000008000e84                vListInitialiseItem
 .text.vListInsertEnd
                0x0000000008000e9e       0x48 Libraries/FreeRTOS/list.o
                0x0000000008000e9e                vListInsertEnd
 .text.vListInsert
                0x0000000008000ee6       0x72 Libraries/FreeRTOS/list.o
                0x0000000008000ee6                vListInsert
 .text.uxListRemove
                0x0000000008000f58       0x54 Libraries/FreeRTOS/list.o
                0x0000000008000f58                uxListRemove
 .text.pxPortInitialiseStack
                0x0000000008000fac       0x68 Libraries/FreeRTOS/port.o
                0x0000000008000fac                pxPortInitialiseStack
 .text.prvTaskExitError
                0x0000000008001014       0x54 Libraries/FreeRTOS/port.o
 *fill*         0x0000000008001068        0x8 
 .text.SVC_Handler
                0x0000000008001070       0x28 Libraries/FreeRTOS/port.o
                0x0000000008001070                SVC_Handler
 .text.prvPortStartFirstTask
                0x0000000008001098       0x28 Libraries/FreeRTOS/port.o
 .text.xPortStartScheduler
                0x00000000080010c0      0x13c Libraries/FreeRTOS/port.o
                0x00000000080010c0                xPortStartScheduler
 .text.vPortEnterCritical
                0x00000000080011fc       0x5c Libraries/FreeRTOS/port.o
                0x00000000080011fc                vPortEnterCritical
 .text.vPortExitCritical
                0x0000000008001258       0x50 Libraries/FreeRTOS/port.o
                0x0000000008001258                vPortExitCritical
 *fill*         0x00000000080012a8        0x8 
 .text.PendSV_Handler
                0x00000000080012b0       0x68 Libraries/FreeRTOS/port.o
                0x00000000080012b0                PendSV_Handler
 .text.SysTick_Handler
                0x0000000008001318       0x40 Libraries/FreeRTOS/port.o
                0x0000000008001318                SysTick_Handler
 .text.vPortSetupTimerInterrupt
                0x0000000008001358       0x48 Libraries/FreeRTOS/port.o
                0x0000000008001358                vPortSetupTimerInterrupt
 .text.vPortEnableVFP
                0x00000000080013a0       0x14 Libraries/FreeRTOS/port.o
 .text.xQueueGenericReset
                0x00000000080013b4       0xd0 Libraries/FreeRTOS/queue.o
                0x00000000080013b4                xQueueGenericReset
 .text.xQueueGenericCreate
                0x0000000008001484       0x7a Libraries/FreeRTOS/queue.o
                0x0000000008001484                xQueueGenericCreate
 .text.prvInitialiseNewQueue
                0x00000000080014fe       0x3e Libraries/FreeRTOS/queue.o
 .text.xQueueGenericSend
                0x000000000800153c      0x1f4 Libraries/FreeRTOS/queue.o
                0x000000000800153c                xQueueGenericSend
 .text.xQueueSemaphoreTake
                0x0000000008001730      0x210 Libraries/FreeRTOS/queue.o
                0x0000000008001730                xQueueSemaphoreTake
 .text.prvGetDisinheritPriorityAfterTimeout
                0x0000000008001940       0x30 Libraries/FreeRTOS/queue.o
 .text.prvCopyDataToQueue
                0x0000000008001970       0xd4 Libraries/FreeRTOS/queue.o
 .text.prvUnlockQueue
                0x0000000008001a44       0xa4 Libraries/FreeRTOS/queue.o
 .text.prvIsQueueEmpty
                0x0000000008001ae8       0x2c Libraries/FreeRTOS/queue.o
 .text.prvIsQueueFull
                0x0000000008001b14       0x30 Libraries/FreeRTOS/queue.o
 .text.xTaskCreateStatic
                0x0000000008001b44       0xb2 Libraries/FreeRTOS/tasks.o
                0x0000000008001b44                xTaskCreateStatic
 .text.xTaskCreate
                0x0000000008001bf6       0x8a Libraries/FreeRTOS/tasks.o
                0x0000000008001bf6                xTaskCreate
 .text.prvInitialiseNewTask
                0x0000000008001c80       0xfc Libraries/FreeRTOS/tasks.o
 .text.prvAddNewTaskToReadyList
                0x0000000008001d7c       0xd4 Libraries/FreeRTOS/tasks.o
 .text.vTaskDelay
                0x0000000008001e50       0x68 Libraries/FreeRTOS/tasks.o
                0x0000000008001e50                vTaskDelay
 .text.vTaskStartScheduler
                0x0000000008001eb8       0xbc Libraries/FreeRTOS/tasks.o
                0x0000000008001eb8                vTaskStartScheduler
 .text.vTaskSuspendAll
                0x0000000008001f74       0x1c Libraries/FreeRTOS/tasks.o
                0x0000000008001f74                vTaskSuspendAll
 .text.xTaskResumeAll
                0x0000000008001f90      0x138 Libraries/FreeRTOS/tasks.o
                0x0000000008001f90                xTaskResumeAll
 .text.xTaskIncrementTick
                0x00000000080020c8      0x188 Libraries/FreeRTOS/tasks.o
                0x00000000080020c8                xTaskIncrementTick
 .text.vTaskSwitchContext
                0x0000000008002250       0xb4 Libraries/FreeRTOS/tasks.o
                0x0000000008002250                vTaskSwitchContext
 .text.vTaskPlaceOnEventList
                0x0000000008002304       0x48 Libraries/FreeRTOS/tasks.o
                0x0000000008002304                vTaskPlaceOnEventList
 .text.xTaskRemoveFromEventList
                0x000000000800234c       0xc4 Libraries/FreeRTOS/tasks.o
                0x000000000800234c                xTaskRemoveFromEventList
 .text.vTaskInternalSetTimeOutState
                0x0000000008002410       0x2c Libraries/FreeRTOS/tasks.o
                0x0000000008002410                vTaskInternalSetTimeOutState
 .text.xTaskCheckForTimeOut
                0x000000000800243c       0xc0 Libraries/FreeRTOS/tasks.o
                0x000000000800243c                xTaskCheckForTimeOut
 .text.vTaskMissedYield
                0x00000000080024fc       0x18 Libraries/FreeRTOS/tasks.o
                0x00000000080024fc                vTaskMissedYield
 .text.prvIdleTask
                0x0000000008002514       0x34 Libraries/FreeRTOS/tasks.o
 .text.prvInitialiseTaskLists
                0x0000000008002548       0x80 Libraries/FreeRTOS/tasks.o
 .text.prvCheckTasksWaitingTermination
                0x00000000080025c8       0x58 Libraries/FreeRTOS/tasks.o
 .text.prvDeleteTCB
                0x0000000008002620       0x5c Libraries/FreeRTOS/tasks.o
 .text.prvResetNextTaskUnblockTime
                0x000000000800267c       0x4c Libraries/FreeRTOS/tasks.o
 .text.xTaskGetSchedulerState
                0x00000000080026c8       0x3c Libraries/FreeRTOS/tasks.o
                0x00000000080026c8                xTaskGetSchedulerState
 .text.xTaskPriorityInherit
                0x0000000008002704      0x10c Libraries/FreeRTOS/tasks.o
                0x0000000008002704                xTaskPriorityInherit
 .text.xTaskPriorityDisinherit
                0x0000000008002810      0x108 Libraries/FreeRTOS/tasks.o
                0x0000000008002810                xTaskPriorityDisinherit
 .text.vTaskPriorityDisinheritAfterTimeout
                0x0000000008002918      0x13c Libraries/FreeRTOS/tasks.o
                0x0000000008002918                vTaskPriorityDisinheritAfterTimeout
 .text.pvTaskIncrementMutexHeldCount
                0x0000000008002a54       0x28 Libraries/FreeRTOS/tasks.o
                0x0000000008002a54                pvTaskIncrementMutexHeldCount
 .text.prvAddCurrentTaskToDelayedList
                0x0000000008002a7c       0xcc Libraries/FreeRTOS/tasks.o
 .text.GPIO_Init
                0x0000000008002b48      0x11c Libraries/STM32F4xx_StdPeriph_Driver/src/stm32f4xx_gpio.o
                0x0000000008002b48                GPIO_Init
 .text.GPIO_StructInit
                0x0000000008002c64       0x34 Libraries/STM32F4xx_StdPeriph_Driver/src/stm32f4xx_gpio.o
                0x0000000008002c64                GPIO_StructInit
 .text.GPIO_SetBits
                0x0000000008002c98       0x1e Libraries/STM32F4xx_StdPeriph_Driver/src/stm32f4xx_gpio.o
                0x0000000008002c98                GPIO_SetBits
 .text.GPIO_ResetBits
                0x0000000008002cb6       0x1e Libraries/STM32F4xx_StdPeriph_Driver/src/stm32f4xx_gpio.o
                0x0000000008002cb6                GPIO_ResetBits
 .text.GPIO_ToggleBits
                0x0000000008002cd4       0x24 Libraries/STM32F4xx_StdPeriph_Driver/src/stm32f4xx_gpio.o
                0x0000000008002cd4                GPIO_ToggleBits
 .text.GPIO_PinAFConfig
                0x0000000008002cf8       0x92 Libraries/STM32F4xx_StdPeriph_Driver/src/stm32f4xx_gpio.o
                0x0000000008002cf8                GPIO_PinAFConfig
 *fill*         0x0000000008002d8a        0x2 
 .text.I2C_Init
                0x0000000008002d8c      0x184 Libraries/STM32F4xx_StdPeriph_Driver/src/stm32f4xx_i2c.o
                0x0000000008002d8c                I2C_Init
 .text.I2C_StructInit
                0x0000000008002f10       0x3e Libraries/STM32F4xx_StdPeriph_Driver/src/stm32f4xx_i2c.o
                0x0000000008002f10                I2C_StructInit
 .text.I2C_Cmd  0x0000000008002f4e       0x40 Libraries/STM32F4xx_StdPeriph_Driver/src/stm32f4xx_i2c.o
                0x0000000008002f4e                I2C_Cmd
 *fill*         0x0000000008002f8e        0x2 
 .text.PWR_BackupAccessCmd
                0x0000000008002f90       0x20 Libraries/STM32F4xx_StdPeriph_Driver/src/stm32f4xx_pwr.o
                0x0000000008002f90                PWR_BackupAccessCmd
 .text.RCC_LSEConfig
                0x0000000008002fb0       0x44 Libraries/STM32F4xx_StdPeriph_Driver/src/stm32f4xx_rcc.o
                0x0000000008002fb0                RCC_LSEConfig
 .text.RCC_LSICmd
                0x0000000008002ff4       0x20 Libraries/STM32F4xx_StdPeriph_Driver/src/stm32f4xx_rcc.o
                0x0000000008002ff4                RCC_LSICmd
 .text.RCC_GetClocksFreq
                0x0000000008003014      0x150 Libraries/STM32F4xx_StdPeriph_Driver/src/stm32f4xx_rcc.o
                0x0000000008003014                RCC_GetClocksFreq
 .text.RCC_RTCCLKConfig
                0x0000000008003164       0x5c Libraries/STM32F4xx_StdPeriph_Driver/src/stm32f4xx_rcc.o
                0x0000000008003164                RCC_RTCCLKConfig
 .text.RCC_RTCCLKCmd
                0x00000000080031c0       0x20 Libraries/STM32F4xx_StdPeriph_Driver/src/stm32f4xx_rcc.o
                0x00000000080031c0                RCC_RTCCLKCmd
 .text.RCC_AHB1PeriphClockCmd
                0x00000000080031e0       0x40 Libraries/STM32F4xx_StdPeriph_Driver/src/stm32f4xx_rcc.o
                0x00000000080031e0                RCC_AHB1PeriphClockCmd
 .text.RCC_APB1PeriphClockCmd
                0x0000000008003220       0x40 Libraries/STM32F4xx_StdPeriph_Driver/src/stm32f4xx_rcc.o
                0x0000000008003220                RCC_APB1PeriphClockCmd
 .text.RCC_APB2PeriphClockCmd
                0x0000000008003260       0x40 Libraries/STM32F4xx_StdPeriph_Driver/src/stm32f4xx_rcc.o
                0x0000000008003260                RCC_APB2PeriphClockCmd
 .text.RCC_APB1PeriphResetCmd
                0x00000000080032a0       0x40 Libraries/STM32F4xx_StdPeriph_Driver/src/stm32f4xx_rcc.o
                0x00000000080032a0                RCC_APB1PeriphResetCmd
 .text.RTC_Init
                0x00000000080032e0       0x78 Libraries/STM32F4xx_StdPeriph_Driver/src/stm32f4xx_rtc.o
                0x00000000080032e0                RTC_Init
 .text.RTC_WriteProtectionCmd
                0x0000000008003358       0x34 Libraries/STM32F4xx_StdPeriph_Driver/src/stm32f4xx_rtc.o
                0x0000000008003358                RTC_WriteProtectionCmd
 .text.RTC_EnterInitMode
                0x000000000800338c       0x74 Libraries/STM32F4xx_StdPeriph_Driver/src/stm32f4xx_rtc.o
                0x000000000800338c                RTC_EnterInitMode
 .text.RTC_ExitInitMode
                0x0000000008003400       0x20 Libraries/STM32F4xx_StdPeriph_Driver/src/stm32f4xx_rtc.o
                0x0000000008003400                RTC_ExitInitMode
 .text.RTC_WaitForSynchro
                0x0000000008003420       0x78 Libraries/STM32F4xx_StdPeriph_Driver/src/stm32f4xx_rtc.o
                0x0000000008003420                RTC_WaitForSynchro
 .text.RTC_SetTime
                0x0000000008003498      0x114 Libraries/STM32F4xx_StdPeriph_Driver/src/stm32f4xx_rtc.o
                0x0000000008003498                RTC_SetTime
 .text.RTC_GetTime
                0x00000000080035ac       0xa4 Libraries/STM32F4xx_StdPeriph_Driver/src/stm32f4xx_rtc.o
                0x00000000080035ac                RTC_GetTime
 .text.RTC_SetDate
                0x0000000008003650      0x120 Libraries/STM32F4xx_StdPeriph_Driver/src/stm32f4xx_rtc.o
                0x0000000008003650                RTC_SetDate
 .text.RTC_GetDate
                0x0000000008003770       0x9c Libraries/STM32F4xx_StdPeriph_Driver/src/stm32f4xx_rtc.o
                0x0000000008003770                RTC_GetDate
 .text.RTC_ByteToBcd2
                0x000000000800380c       0x3a Libraries/STM32F4xx_StdPeriph_Driver/src/stm32f4xx_rtc.o
 .text.RTC_Bcd2ToByte
                0x0000000008003846       0x38 Libraries/STM32F4xx_StdPeriph_Driver/src/stm32f4xx_rtc.o
 *fill*         0x000000000800387e        0x2 
 .text.USART_Init
                0x0000000008003880      0x174 Libraries/STM32F4xx_StdPeriph_Driver/src/stm32f4xx_usart.o
                0x0000000008003880                USART_Init
 .text.USART_StructInit
                0x00000000080039f4       0x3a Libraries/STM32F4xx_StdPeriph_Driver/src/stm32f4xx_usart.o
                0x00000000080039f4                USART_StructInit
 .text.USART_Cmd
                0x0000000008003a2e       0x40 Libraries/STM32F4xx_StdPeriph_Driver/src/stm32f4xx_usart.o
                0x0000000008003a2e                USART_Cmd
 *fill*         0x0000000008003a6e        0x2 
 .text.CMDS_Init
                0x0000000008003a70       0x38 src/Cmds.o
                0x0000000008003a70                CMDS_Init
 .text.CMDS_Process
                0x0000000008003aa8      0x12c src/Cmds.o
                0x0000000008003aa8                CMDS_Process
 .text.CMDS_DisplayVersion
                0x0000000008003bd4       0x34 src/Cmds.o
                0x0000000008003bd4                CMDS_DisplayVersion
 .text.CMDS_SetInputStr
                0x0000000008003c08       0x24 src/Cmds.o
                0x0000000008003c08                CMDS_SetInputStr
 .text.cmds_ch  0x0000000008003c2c       0xe0 src/Cmds.o
 .text.cmds_R   0x0000000008003d0c       0x80 src/Cmds.o
 .text.cmds_T   0x0000000008003d8c       0xbc src/Cmds.o
 .text.init_rtc_stuff
                0x0000000008003e48       0x4c src/Cmds.o
 .text.cmds_B   0x0000000008003e94       0x9c src/Cmds.o
 .text.cmds_MD  0x0000000008003f30      0x100 src/Cmds.o
 .text.cmds_ST  0x0000000008004030       0xc8 src/Cmds.o
 .text.cmds_SC  0x00000000080040f8       0xa0 src/Cmds.o
 .text.cmds_rtc
                0x0000000008004198      0x118 src/Cmds.o
 .text.U2Inp_Init
                0x00000000080042b0       0x20 src/Uart2_Inp.o
                0x00000000080042b0                U2Inp_Init
 .text.U2Inp_Process
                0x00000000080042d0      0x148 src/Uart2_Inp.o
                0x00000000080042d0                U2Inp_Process
 .text.U2Inp_SignalCmdDone
                0x0000000008004418       0x18 src/Uart2_Inp.o
                0x0000000008004418                U2Inp_SignalCmdDone
 .text.U2_Init  0x0000000008004430       0x40 src/Uart2_Outp.o
                0x0000000008004430                U2_Init
 .text.U2_Send  0x0000000008004470       0x80 src/Uart2_Outp.o
                0x0000000008004470                U2_Send
 .text.U2_Process
                0x00000000080044f0      0x1dc src/Uart2_Outp.o
                0x00000000080044f0                U2_Process
 .text.U2_PrintCH
                0x00000000080046cc       0x1e src/Uart2_Outp.o
                0x00000000080046cc                U2_PrintCH
 .text.U2_PrintSTR
                0x00000000080046ea       0x1c src/Uart2_Outp.o
                0x00000000080046ea                U2_PrintSTR
 .text.U2_Print32
                0x0000000008004706       0x1e src/Uart2_Outp.o
                0x0000000008004706                U2_Print32
 .text.U2_Print32N
                0x0000000008004724       0x1e src/Uart2_Outp.o
                0x0000000008004724                U2_Print32N
 .text.U2_Print8
                0x0000000008004742       0x20 src/Uart2_Outp.o
                0x0000000008004742                U2_Print8
 .text.U2_Print8N
                0x0000000008004762       0x20 src/Uart2_Outp.o
                0x0000000008004762                U2_Print8N
 .text.U2_Print16N
                0x0000000008004782       0x20 src/Uart2_Outp.o
                0x0000000008004782                U2_Print16N
 *fill*         0x00000000080047a2        0x2 
 .text._write   0x00000000080047a4       0x88 src/Uart2_Outp.o
                0x00000000080047a4                _write
 .text.I2C_1_master_Init
                0x000000000800482c       0x7c src/i2c_master.o
                0x000000000800482c                I2C_1_master_Init
 .text.I2C_1_master_Process
                0x00000000080048a8      0x3ac src/i2c_master.o
                0x00000000080048a8                I2C_1_master_Process
 .text.write_complete
                0x0000000008004c54       0x8c src/i2c_master.o
 .text.set_next_channel
                0x0000000008004ce0       0xf4 src/i2c_master.o
 .text.cleanup  0x0000000008004dd4       0xbc src/i2c_master.o
 .text.dbgprint
                0x0000000008004e90       0xe4 src/i2c_master.o
 .text.dbgset_match_channel
                0x0000000008004f74       0x50 src/i2c_master.o
 .text.main     0x0000000008004fc4       0x88 src/main.o
                0x0000000008004fc4                main
 .text.vApplicationIdleHook
                0x000000000800504c       0x34 src/main.o
                0x000000000800504c                vApplicationIdleHook
 .text.vApplicationTickHook
                0x0000000008005080       0x10 src/main.o
                0x0000000008005080                vApplicationTickHook
 .text.init_gpios
                0x0000000008005090      0x138 src/main.o
 .text.init_usarts
                0x00000000080051c8       0x84 src/main.o
 .text.init_gpioI2C
                0x000000000800524c       0xac src/main.o
                0x000000000800524c                init_gpioI2C
 .text.init_hw  0x00000000080052f8       0x50 src/main.o
 .text.StartDefaultTask
                0x0000000008005348       0x20 src/main.o
 .text.TestThread
                0x0000000008005368       0x2c src/main.o
 .text.jSem_give
                0x0000000008005394       0x1c src/main.o
                0x0000000008005394                jSem_give
 .text.Reset_Handler
                0x00000000080053b0       0x50 src/startup_stm32f40xx.o
                0x00000000080053b0                Reset_Handler
 .text.Default_Handler
                0x0000000008005400        0x2 src/startup_stm32f40xx.o
                0x0000000008005400                RTC_Alarm_IRQHandler
                0x0000000008005400                HASH_RNG_IRQHandler
                0x0000000008005400                EXTI2_IRQHandler
                0x0000000008005400                TIM8_CC_IRQHandler
                0x0000000008005400                TIM1_CC_IRQHandler
                0x0000000008005400                DMA2_Stream5_IRQHandler
                0x0000000008005400                DMA1_Stream5_IRQHandler
                0x0000000008005400                PVD_IRQHandler
                0x0000000008005400                SDIO_IRQHandler
                0x0000000008005400                TAMP_STAMP_IRQHandler
                0x0000000008005400                CAN2_RX1_IRQHandler
                0x0000000008005400                EXTI3_IRQHandler
                0x0000000008005400                TIM8_TRG_COM_TIM14_IRQHandler
                0x0000000008005400                TIM1_UP_TIM10_IRQHandler
                0x0000000008005400                TIM8_UP_TIM13_IRQHandler
                0x0000000008005400                I2C3_ER_IRQHandler
                0x0000000008005400                EXTI0_IRQHandler
                0x0000000008005400                I2C2_EV_IRQHandler
                0x0000000008005400                DMA1_Stream2_IRQHandler
                0x0000000008005400                CAN1_RX0_IRQHandler
                0x0000000008005400                FPU_IRQHandler
                0x0000000008005400                OTG_HS_WKUP_IRQHandler
                0x0000000008005400                CAN2_SCE_IRQHandler
                0x0000000008005400                DMA2_Stream2_IRQHandler
                0x0000000008005400                SPI1_IRQHandler
                0x0000000008005400                TIM6_DAC_IRQHandler
                0x0000000008005400                TIM1_BRK_TIM9_IRQHandler
                0x0000000008005400                CAN2_RX0_IRQHandler
                0x0000000008005400                DMA2_Stream3_IRQHandler
                0x0000000008005400                USART6_IRQHandler
                0x0000000008005400                USART3_IRQHandler
                0x0000000008005400                CAN1_RX1_IRQHandler
                0x0000000008005400                UART5_IRQHandler
                0x0000000008005400                DMA2_Stream0_IRQHandler
                0x0000000008005400                TIM4_IRQHandler
                0x0000000008005400                I2C1_EV_IRQHandler
                0x0000000008005400                DMA1_Stream6_IRQHandler
                0x0000000008005400                DMA1_Stream1_IRQHandler
                0x0000000008005400                UART4_IRQHandler
                0x0000000008005400                TIM3_IRQHandler
                0x0000000008005400                RCC_IRQHandler
                0x0000000008005400                TIM8_BRK_TIM12_IRQHandler
                0x0000000008005400                Default_Handler
                0x0000000008005400                EXTI15_10_IRQHandler
                0x0000000008005400                ADC_IRQHandler
                0x0000000008005400                DMA1_Stream7_IRQHandler
                0x0000000008005400                TIM7_IRQHandler
                0x0000000008005400                CAN2_TX_IRQHandler
                0x0000000008005400                TIM5_IRQHandler
                0x0000000008005400                DMA2_Stream7_IRQHandler
                0x0000000008005400                I2C3_EV_IRQHandler
                0x0000000008005400                EXTI9_5_IRQHandler
                0x0000000008005400                RTC_WKUP_IRQHandler
                0x0000000008005400                SPI2_IRQHandler
                0x0000000008005400                OTG_HS_EP1_IN_IRQHandler
                0x0000000008005400                DMA1_Stream0_IRQHandler
                0x0000000008005400                CAN1_TX_IRQHandler
                0x0000000008005400                EXTI4_IRQHandler
                0x0000000008005400                FSMC_IRQHandler
                0x0000000008005400                OTG_HS_EP1_OUT_IRQHandler
                0x0000000008005400                WWDG_IRQHandler
                0x0000000008005400                TIM2_IRQHandler
                0x0000000008005400                OTG_FS_WKUP_IRQHandler
                0x0000000008005400                TIM1_TRG_COM_TIM11_IRQHandler
                0x0000000008005400                OTG_HS_IRQHandler
                0x0000000008005400                EXTI1_IRQHandler
                0x0000000008005400                USART2_IRQHandler
                0x0000000008005400                I2C2_ER_IRQHandler
                0x0000000008005400                DMA2_Stream1_IRQHandler
                0x0000000008005400                CAN1_SCE_IRQHandler
                0x0000000008005400                FLASH_IRQHandler
                0x0000000008005400                DMA2_Stream4_IRQHandler
                0x0000000008005400                USART1_IRQHandler
                0x0000000008005400                OTG_FS_IRQHandler
                0x0000000008005400                SPI3_IRQHandler
                0x0000000008005400                DMA1_Stream4_IRQHandler
                0x0000000008005400                I2C1_ER_IRQHandler
                0x0000000008005400                DMA2_Stream6_IRQHandler
                0x0000000008005400                DMA1_Stream3_IRQHandler
 .text.NMI_Handler
                0x0000000008005402        0xe src/stm32f4xx_it.o
                0x0000000008005402                NMI_Handler
 .text.HardFault_Handler
                0x0000000008005410        0x6 src/stm32f4xx_it.o
                0x0000000008005410                HardFault_Handler
 .text.MemManage_Handler
                0x0000000008005416        0x6 src/stm32f4xx_it.o
                0x0000000008005416                MemManage_Handler
 .text.BusFault_Handler
                0x000000000800541c        0x6 src/stm32f4xx_it.o
                0x000000000800541c                BusFault_Handler
 .text.UsageFault_Handler
                0x0000000008005422        0x6 src/stm32f4xx_it.o
                0x0000000008005422                UsageFault_Handler
 .text.DebugMon_Handler
                0x0000000008005428        0xe src/stm32f4xx_it.o
                0x0000000008005428                DebugMon_Handler
 *fill*         0x0000000008005436        0x2 
 .text.SystemInit
                0x0000000008005438       0x6c src/system_stm32f4xx.o
                0x0000000008005438                SystemInit
 .text.SystemCoreClockUpdate
                0x00000000080054a4       0xf8 src/system_stm32f4xx.o
                0x00000000080054a4                SystemCoreClockUpdate
 .text.SetSysClock
                0x000000000800559c       0xf8 src/system_stm32f4xx.o
 .text.init_timer
                0x0000000008005694       0x18 src/timer.o
                0x0000000008005694                init_timer
 .text.GetSysTick
                0x00000000080056ac       0x18 src/timer.o
                0x00000000080056ac                GetSysTick
 .text.GetSysDelta
                0x00000000080056c4       0x34 src/timer.o
                0x00000000080056c4                GetSysDelta
 .text.Increment_SysTicks
                0x00000000080056f8       0x1c src/timer.o
                0x00000000080056f8                Increment_SysTicks
 .text.ts_itoa  0x0000000008005714       0x92 src/tiny_printf.o
                0x0000000008005714                ts_itoa
 .text.ts_formatstring
                0x00000000080057a6      0x12e src/tiny_printf.o
                0x00000000080057a6                ts_formatstring
 .text.ts_formatlength
                0x00000000080058d4      0x12c src/tiny_printf.o
                0x00000000080058d4                ts_formatlength
 .text.iprintf  0x0000000008005a00       0x92 src/tiny_printf.o
                0x0000000008005a00                printf
                0x0000000008005a00                iprintf
 *fill*         0x0000000008005a92        0x2 
 .text.BtoH     0x0000000008005a94       0x54 src/utils.o
                0x0000000008005a94                BtoH
 .text.ItoH     0x0000000008005ae8       0x54 src/utils.o
                0x0000000008005ae8                ItoH
 .text.ItoH16   0x0000000008005b3c       0x54 src/utils.o
                0x0000000008005b3c                ItoH16
 .text.HtoI     0x0000000008005b90       0x98 src/utils.o
                0x0000000008005b90                HtoI
 .text.AtoI     0x0000000008005c28      0x110 src/utils.o
                0x0000000008005c28                AtoI
 .text.HtoU16   0x0000000008005d38       0xc4 src/utils.o
                0x0000000008005d38                HtoU16
 .text.Hammer   0x0000000008005dfc       0x16 src/utils.o
                0x0000000008005dfc                Hammer
 .text.swap     0x0000000008005e12       0x2e src/utils.o
                0x0000000008005e12                swap
 .text.__libc_init_array
                0x0000000008005e40       0x48 /opt/Atollic_TrueSTUDIO_for_STM32_x86_64_9.3.0/ARMTools/bin/../lib/gcc/arm-atollic-eabi/6.3.1/../../../../arm-atollic-eabi/lib/armv7e-m/fpu/libc_nano.a(lib_a-init.o)
                0x0000000008005e40                __libc_init_array
 .text.memcpy   0x0000000008005e88       0x16 /opt/Atollic_TrueSTUDIO_for_STM32_x86_64_9.3.0/ARMTools/bin/../lib/gcc/arm-atollic-eabi/6.3.1/../../../../arm-atollic-eabi/lib/armv7e-m/fpu/libc_nano.a(lib_a-memcpy-stub.o)
                0x0000000008005e88                memcpy
 .text.strncpy  0x0000000008005e9e       0x2a /opt/Atollic_TrueSTUDIO_for_STM32_x86_64_9.3.0/ARMTools/bin/../lib/gcc/arm-atollic-eabi/6.3.1/../../../../arm-atollic-eabi/lib/armv7e-m/fpu/libc_nano.a(lib_a-strncpy.o)
                0x0000000008005e9e                strncpy
 *(.glue_7)
 .glue_7        0x0000000008005ec8        0x0 linker stubs
 *(.glue_7t)
 .glue_7t       0x0000000008005ec8        0x0 linker stubs
 *(.eh_frame)
 .eh_frame      0x0000000008005ec8        0x0 /opt/Atollic_TrueSTUDIO_for_STM32_x86_64_9.3.0/ARMTools/bin/../lib/gcc/arm-atollic-eabi/6.3.1/armv7e-m/fpu/crtbegin.o
 *(.init)
 .init          0x0000000008005ec8        0x4 /opt/Atollic_TrueSTUDIO_for_STM32_x86_64_9.3.0/ARMTools/bin/../lib/gcc/arm-atollic-eabi/6.3.1/armv7e-m/fpu/crti.o
                0x0000000008005ec8                _init
 .init          0x0000000008005ecc        0x8 /opt/Atollic_TrueSTUDIO_for_STM32_x86_64_9.3.0/ARMTools/bin/../lib/gcc/arm-atollic-eabi/6.3.1/armv7e-m/fpu/crtn.o
 *(.fini)
 .fini          0x0000000008005ed4        0x4 /opt/Atollic_TrueSTUDIO_for_STM32_x86_64_9.3.0/ARMTools/bin/../lib/gcc/arm-atollic-eabi/6.3.1/armv7e-m/fpu/crti.o
                0x0000000008005ed4                _fini
 .fini          0x0000000008005ed8        0x8 /opt/Atollic_TrueSTUDIO_for_STM32_x86_64_9.3.0/ARMTools/bin/../lib/gcc/arm-atollic-eabi/6.3.1/armv7e-m/fpu/crtn.o
                0x0000000008005ee0                . = ALIGN (0x4)
                0x0000000008005ee0                _etext = .

.vfp11_veneer   0x0000000008005ee0        0x0
 .vfp11_veneer  0x0000000008005ee0        0x0 linker stubs

.v4_bx          0x0000000008005ee0        0x0
 .v4_bx         0x0000000008005ee0        0x0 linker stubs

.iplt           0x0000000008005ee0        0x0
 .iplt          0x0000000008005ee0        0x0 /opt/Atollic_TrueSTUDIO_for_STM32_x86_64_9.3.0/ARMTools/bin/../lib/gcc/arm-atollic-eabi/6.3.1/armv7e-m/fpu/crtbegin.o

.rodata         0x0000000008005ee0      0x304
                0x0000000008005ee0                . = ALIGN (0x4)
 *(.rodata)
 .rodata        0x0000000008005ee0        0x5 Libraries/FreeRTOS/tasks.o
 *fill*         0x0000000008005ee5        0x3 
 .rodata        0x0000000008005ee8      0x27c src/Cmds.o
 .rodata        0x0000000008006164        0xc src/Uart2_Inp.o
 .rodata        0x0000000008006170       0x5c src/i2c_master.o
 .rodata        0x00000000080061cc       0x17 src/main.o
 *(.rodata*)
                0x00000000080061e4                . = ALIGN (0x4)
 *fill*         0x00000000080061e3        0x1 

.rel.dyn        0x00000000080061e4        0x0
 .rel.iplt      0x00000000080061e4        0x0 /opt/Atollic_TrueSTUDIO_for_STM32_x86_64_9.3.0/ARMTools/bin/../lib/gcc/arm-atollic-eabi/6.3.1/armv7e-m/fpu/crtbegin.o

.ARM.extab
 *(.ARM.extab* .gnu.linkonce.armextab.*)

.ARM            0x00000000080061e4        0x0
                0x00000000080061e4                __exidx_start = .
 *(.ARM.exidx*)
                0x00000000080061e4                __exidx_end = .

.preinit_array  0x00000000080061e4        0x0
                0x00000000080061e4                PROVIDE (__preinit_array_start, .)
 *(.preinit_array*)
                0x00000000080061e4                PROVIDE (__preinit_array_end, .)

.init_array     0x00000000080061e4        0x4
                0x00000000080061e4                PROVIDE (__init_array_start, .)
 *(SORT(.init_array.*))
 *(.init_array*)
 .init_array    0x00000000080061e4        0x4 /opt/Atollic_TrueSTUDIO_for_STM32_x86_64_9.3.0/ARMTools/bin/../lib/gcc/arm-atollic-eabi/6.3.1/armv7e-m/fpu/crtbegin.o
                0x00000000080061e8                PROVIDE (__init_array_end, .)

.fini_array     0x00000000080061e8        0x4
                [!provide]                        PROVIDE (__fini_array_start, .)
 *(SORT(.fini_array.*))
 *(.fini_array*)
 .fini_array    0x00000000080061e8        0x4 /opt/Atollic_TrueSTUDIO_for_STM32_x86_64_9.3.0/ARMTools/bin/../lib/gcc/arm-atollic-eabi/6.3.1/armv7e-m/fpu/crtbegin.o
                [!provide]                        PROVIDE (__fini_array_end, .)
                0x00000000080061ec                _sidata = LOADADDR (.data)

.data           0x0000000020000000       0x60 load address 0x00000000080061ec
                0x0000000020000000                . = ALIGN (0x4)
                0x0000000020000000                _sdata = .
 *(.data)
 *(.data*)
 .data.uxCriticalNesting
                0x0000000020000000        0x4 Libraries/FreeRTOS/port.o
 .data.APBAHBPrescTable
                0x0000000020000004       0x10 Libraries/STM32F4xx_StdPeriph_Driver/src/stm32f4xx_rcc.o
 .data.gWeeks   0x0000000020000014       0x1c src/Cmds.o
 .data.sCRLF    0x0000000020000030        0x4 src/Uart2_Inp.o
 .data.sPROMPT  0x0000000020000034        0x4 src/Uart2_Inp.o
 .data.dbgmatch_channel
                0x0000000020000038        0x1 src/i2c_master.o
 *fill*         0x0000000020000039        0x3 
 .data.SystemCoreClock
                0x000000002000003c        0x4 src/system_stm32f4xx.o
                0x000000002000003c                SystemCoreClock
 .data.AHBPrescTable
                0x0000000020000040       0x10 src/system_stm32f4xx.o
                0x0000000020000040                AHBPrescTable
 .data.hexv     0x0000000020000050       0x10 src/utils.o
                0x0000000020000060                . = ALIGN (0x4)
                0x0000000020000060                _edata = .
                0x000000000800624c                _siccmram = LOADADDR (.ccmram)

.igot.plt       0x0000000020000060        0x0 load address 0x000000000800624c
 .igot.plt      0x0000000020000060        0x0 /opt/Atollic_TrueSTUDIO_for_STM32_x86_64_9.3.0/ARMTools/bin/../lib/gcc/arm-atollic-eabi/6.3.1/armv7e-m/fpu/crtbegin.o

.ccmram         0x0000000010000000        0x0 load address 0x000000000800624c
                0x0000000010000000                . = ALIGN (0x4)
                0x0000000010000000                _sccmram = .
 *(.ccmram)
 *(.ccmram*)
                0x0000000010000000                . = ALIGN (0x4)
                0x0000000010000000                _eccmram = .
                0x0000000010000000                . = ALIGN (0x4)

.bss            0x0000000020000060     0x4b20
                0x0000000020000060                _sbss = .
                0x0000000020000060                __bss_start__ = _sbss
 *(.bss)
 .bss           0x0000000020000060       0x1c /opt/Atollic_TrueSTUDIO_for_STM32_x86_64_9.3.0/ARMTools/bin/../lib/gcc/arm-atollic-eabi/6.3.1/armv7e-m/fpu/crtbegin.o
 *(.bss*)
 .bss.xIdleTaskTCBBuffer
                0x000000002000007c       0x54 Libraries/FreeRTOS/freertos.o
 .bss.xIdleStack
                0x00000000200000d0      0x200 Libraries/FreeRTOS/freertos.o
 .bss.ucHeap    0x00000000200002d0     0x3c00 Libraries/FreeRTOS/heap_4.o
 .bss.xStart    0x0000000020003ed0        0x8 Libraries/FreeRTOS/heap_4.o
 .bss.pxEnd     0x0000000020003ed8        0x4 Libraries/FreeRTOS/heap_4.o
 .bss.xFreeBytesRemaining
                0x0000000020003edc        0x4 Libraries/FreeRTOS/heap_4.o
 .bss.xMinimumEverFreeBytesRemaining
                0x0000000020003ee0        0x4 Libraries/FreeRTOS/heap_4.o
 .bss.xBlockAllocatedBit
                0x0000000020003ee4        0x4 Libraries/FreeRTOS/heap_4.o
 .bss.ucMaxSysCallPriority
                0x0000000020003ee8        0x1 Libraries/FreeRTOS/port.o
 *fill*         0x0000000020003ee9        0x3 
 .bss.ulMaxPRIGROUPValue
                0x0000000020003eec        0x4 Libraries/FreeRTOS/port.o
 .bss.pxCurrentTCB
                0x0000000020003ef0        0x4 Libraries/FreeRTOS/tasks.o
                0x0000000020003ef0                pxCurrentTCB
 .bss.pxReadyTasksLists
                0x0000000020003ef4       0x8c Libraries/FreeRTOS/tasks.o
 .bss.xDelayedTaskList1
                0x0000000020003f80       0x14 Libraries/FreeRTOS/tasks.o
 .bss.xDelayedTaskList2
                0x0000000020003f94       0x14 Libraries/FreeRTOS/tasks.o
 .bss.pxDelayedTaskList
                0x0000000020003fa8        0x4 Libraries/FreeRTOS/tasks.o
 .bss.pxOverflowDelayedTaskList
                0x0000000020003fac        0x4 Libraries/FreeRTOS/tasks.o
 .bss.xPendingReadyList
                0x0000000020003fb0       0x14 Libraries/FreeRTOS/tasks.o
 .bss.xTasksWaitingTermination
                0x0000000020003fc4       0x14 Libraries/FreeRTOS/tasks.o
 .bss.uxDeletedTasksWaitingCleanUp
                0x0000000020003fd8        0x4 Libraries/FreeRTOS/tasks.o
 .bss.xSuspendedTaskList
                0x0000000020003fdc       0x14 Libraries/FreeRTOS/tasks.o
 .bss.uxCurrentNumberOfTasks
                0x0000000020003ff0        0x4 Libraries/FreeRTOS/tasks.o
 .bss.xTickCount
                0x0000000020003ff4        0x4 Libraries/FreeRTOS/tasks.o
 .bss.uxTopReadyPriority
                0x0000000020003ff8        0x4 Libraries/FreeRTOS/tasks.o
 .bss.xSchedulerRunning
                0x0000000020003ffc        0x4 Libraries/FreeRTOS/tasks.o
 .bss.uxPendedTicks
                0x0000000020004000        0x4 Libraries/FreeRTOS/tasks.o
 .bss.xYieldPending
                0x0000000020004004        0x4 Libraries/FreeRTOS/tasks.o
 .bss.xNumOfOverflows
                0x0000000020004008        0x4 Libraries/FreeRTOS/tasks.o
 .bss.uxTaskNumber
                0x000000002000400c        0x4 Libraries/FreeRTOS/tasks.o
 .bss.xNextTaskUnblockTime
                0x0000000020004010        0x4 Libraries/FreeRTOS/tasks.o
 .bss.xIdleTaskHandle
                0x0000000020004014        0x4 Libraries/FreeRTOS/tasks.o
 .bss.uxSchedulerSuspended
                0x0000000020004018        0x4 Libraries/FreeRTOS/tasks.o
 .bss.Globals   0x000000002000401c       0x28 src/Cmds.o
 .bss.Globals   0x0000000020004044       0x24 src/Uart2_Inp.o
 .bss.serd_num_Qitems
                0x0000000020004068        0x4 src/Uart2_Outp.o
 .bss.serd_inn_Qindex
                0x000000002000406c        0x4 src/Uart2_Outp.o
 .bss.serd_out_Qindex
                0x0000000020004070        0x4 src/Uart2_Outp.o
 .bss.serd_active_Qitem
                0x0000000020004074        0x4 src/Uart2_Outp.o
 .bss.serd_Q_items
                0x0000000020004078      0x640 src/Uart2_Outp.o
 .bss.serd_ostate_machine
                0x00000000200046b8        0x4 src/Uart2_Outp.o
 .bss.serd_databuf
                0x00000000200046bc       0x10 src/Uart2_Outp.o
 .bss.serd_pfbuf
                0x00000000200046cc      0x400 src/Uart2_Outp.o
 .bss.serd_pfindex
                0x0000000020004acc        0x4 src/Uart2_Outp.o
 .bss.Globals   0x0000000020004ad0       0x98 src/i2c_master.o
 .bss.dbgtotaljobs
                0x0000000020004b68        0x1 src/i2c_master.o
 *fill*         0x0000000020004b69        0x3 
 .bss.Globals   0x0000000020004b6c       0x10 src/main.o
 .bss.TimrGlobals
                0x0000000020004b7c        0x4 src/timer.o
 *(COMMON)
                0x0000000020004b80                . = ALIGN (0x4)
                0x0000000020004b80                _ebss = .
                0x0000000020004b80                __bss_end__ = _ebss

._user_heap_stack
                0x0000000020004b80      0x600
                0x0000000020004b80                . = ALIGN (0x4)
                [!provide]                        PROVIDE (end, .)
                [!provide]                        PROVIDE (_end, .)
                0x0000000020004d80                . = (. + _Min_Heap_Size)
 *fill*         0x0000000020004b80      0x200 
                0x0000000020005180                . = (. + _Min_Stack_Size)
 *fill*         0x0000000020004d80      0x400 
                0x0000000020005180                . = ALIGN (0x4)

.memory_b1_text
 *(.mb1text)
 *(.mb1text*)
 *(.mb1rodata)
 *(.mb1rodata*)

/DISCARD/
 libc.a(*)
 libm.a(*)
 libgcc.a(*)

.ARM.attributes
                0x0000000000000000       0x30
 *(.ARM.attributes)
 .ARM.attributes
                0x0000000000000000       0x22 /opt/Atollic_TrueSTUDIO_for_STM32_x86_64_9.3.0/ARMTools/bin/../lib/gcc/arm-atollic-eabi/6.3.1/armv7e-m/fpu/crti.o
 .ARM.attributes
                0x0000000000000022       0x34 /opt/Atollic_TrueSTUDIO_for_STM32_x86_64_9.3.0/ARMTools/bin/../lib/gcc/arm-atollic-eabi/6.3.1/armv7e-m/fpu/crtbegin.o
 .ARM.attributes
                0x0000000000000056       0x39 Libraries/FreeRTOS/freertos.o
 .ARM.attributes
                0x000000000000008f       0x39 Libraries/FreeRTOS/heap_4.o
 .ARM.attributes
                0x00000000000000c8       0x39 Libraries/FreeRTOS/list.o
 .ARM.attributes
                0x0000000000000101       0x39 Libraries/FreeRTOS/port.o
 .ARM.attributes
                0x000000000000013a       0x39 Libraries/FreeRTOS/queue.o
 .ARM.attributes
                0x0000000000000173       0x39 Libraries/FreeRTOS/tasks.o
 .ARM.attributes
                0x00000000000001ac       0x39 Libraries/STM32F4xx_StdPeriph_Driver/src/stm32f4xx_gpio.o
 .ARM.attributes
                0x00000000000001e5       0x39 Libraries/STM32F4xx_StdPeriph_Driver/src/stm32f4xx_i2c.o
 .ARM.attributes
                0x000000000000021e       0x39 Libraries/STM32F4xx_StdPeriph_Driver/src/stm32f4xx_pwr.o
 .ARM.attributes
                0x0000000000000257       0x39 Libraries/STM32F4xx_StdPeriph_Driver/src/stm32f4xx_rcc.o
 .ARM.attributes
                0x0000000000000290       0x39 Libraries/STM32F4xx_StdPeriph_Driver/src/stm32f4xx_rtc.o
 .ARM.attributes
                0x00000000000002c9       0x39 Libraries/STM32F4xx_StdPeriph_Driver/src/stm32f4xx_usart.o
 .ARM.attributes
                0x0000000000000302       0x39 src/Cmds.o
 .ARM.attributes
                0x000000000000033b       0x39 src/Uart2_Inp.o
 .ARM.attributes
                0x0000000000000374       0x39 src/Uart2_Outp.o
 .ARM.attributes
                0x00000000000003ad       0x39 src/i2c_master.o
 .ARM.attributes
                0x00000000000003e6       0x39 src/main.o
 .ARM.attributes
                0x000000000000041f       0x21 src/startup_stm32f40xx.o
 .ARM.attributes
                0x0000000000000440       0x39 src/stm32f4xx_it.o
 .ARM.attributes
                0x0000000000000479       0x39 src/system_stm32f4xx.o
 .ARM.attributes
                0x00000000000004b2       0x39 src/timer.o
 .ARM.attributes
                0x00000000000004eb       0x39 src/tiny_printf.o
 .ARM.attributes
                0x0000000000000524       0x39 src/utils.o
 .ARM.attributes
                0x000000000000055d       0x34 /opt/Atollic_TrueSTUDIO_for_STM32_x86_64_9.3.0/ARMTools/bin/../lib/gcc/arm-atollic-eabi/6.3.1/../../../../arm-atollic-eabi/lib/armv7e-m/fpu/libc_nano.a(lib_a-init.o)
 .ARM.attributes
                0x0000000000000591       0x34 /opt/Atollic_TrueSTUDIO_for_STM32_x86_64_9.3.0/ARMTools/bin/../lib/gcc/arm-atollic-eabi/6.3.1/../../../../arm-atollic-eabi/lib/armv7e-m/fpu/libc_nano.a(lib_a-memcpy-stub.o)
 .ARM.attributes
                0x00000000000005c5       0x1b /opt/Atollic_TrueSTUDIO_for_STM32_x86_64_9.3.0/ARMTools/bin/../lib/gcc/arm-atollic-eabi/6.3.1/../../../../arm-atollic-eabi/lib/armv7e-m/fpu/libc_nano.a(lib_a-strlen.o)
 .ARM.attributes
                0x00000000000005e0       0x34 /opt/Atollic_TrueSTUDIO_for_STM32_x86_64_9.3.0/ARMTools/bin/../lib/gcc/arm-atollic-eabi/6.3.1/../../../../arm-atollic-eabi/lib/armv7e-m/fpu/libc_nano.a(lib_a-strncpy.o)
 .ARM.attributes
                0x0000000000000614       0x22 /opt/Atollic_TrueSTUDIO_for_STM32_x86_64_9.3.0/ARMTools/bin/../lib/gcc/arm-atollic-eabi/6.3.1/armv7e-m/fpu/libgcc.a(_arm_addsubdf3.o)
 .ARM.attributes
                0x0000000000000636       0x22 /opt/Atollic_TrueSTUDIO_for_STM32_x86_64_9.3.0/ARMTools/bin/../lib/gcc/arm-atollic-eabi/6.3.1/armv7e-m/fpu/libgcc.a(_arm_muldivdf3.o)
 .ARM.attributes
                0x0000000000000658       0x22 /opt/Atollic_TrueSTUDIO_for_STM32_x86_64_9.3.0/ARMTools/bin/../lib/gcc/arm-atollic-eabi/6.3.1/armv7e-m/fpu/libgcc.a(_arm_fixdfsi.o)
 .ARM.attributes
                0x000000000000067a       0x22 /opt/Atollic_TrueSTUDIO_for_STM32_x86_64_9.3.0/ARMTools/bin/../lib/gcc/arm-atollic-eabi/6.3.1/armv7e-m/fpu/libgcc.a(_arm_truncdfsf2.o)
 .ARM.attributes
                0x000000000000069c       0x22 /opt/Atollic_TrueSTUDIO_for_STM32_x86_64_9.3.0/ARMTools/bin/../lib/gcc/arm-atollic-eabi/6.3.1/armv7e-m/fpu/crtn.o
OUTPUT(CDC3.elf elf32-littlearm)

.debug_info     0x0000000000000000    0x10b87
 .debug_info    0x0000000000000000      0x284 Libraries/FreeRTOS/freertos.o
 .debug_info    0x0000000000000284      0xbed Libraries/FreeRTOS/heap_4.o
 .debug_info    0x0000000000000e71      0xac8 Libraries/FreeRTOS/list.o
 .debug_info    0x0000000000001939      0x536 Libraries/FreeRTOS/port.o
 .debug_info    0x0000000000001e6f     0x1f30 Libraries/FreeRTOS/queue.o
 .debug_info    0x0000000000003d9f     0x2450 Libraries/FreeRTOS/tasks.o
 .debug_info    0x00000000000061ef      0x628 Libraries/STM32F4xx_StdPeriph_Driver/src/stm32f4xx_gpio.o
 .debug_info    0x0000000000006817      0xb9e Libraries/STM32F4xx_StdPeriph_Driver/src/stm32f4xx_i2c.o
 .debug_info    0x00000000000073b5      0x521 Libraries/STM32F4xx_StdPeriph_Driver/src/stm32f4xx_pwr.o
 .debug_info    0x00000000000078d6      0xccc Libraries/STM32F4xx_StdPeriph_Driver/src/stm32f4xx_rcc.o
 .debug_info    0x00000000000085a2     0x10f6 Libraries/STM32F4xx_StdPeriph_Driver/src/stm32f4xx_rtc.o
 .debug_info    0x0000000000009698      0x9d5 Libraries/STM32F4xx_StdPeriph_Driver/src/stm32f4xx_usart.o
 .debug_info    0x000000000000a06d     0x12ea src/Cmds.o
 .debug_info    0x000000000000b357      0x2c7 src/Uart2_Inp.o
 .debug_info    0x000000000000b61e      0xd61 src/Uart2_Outp.o
 .debug_info    0x000000000000c37f      0xeb7 src/i2c_master.o
 .debug_info    0x000000000000d236     0x101e src/main.o
 .debug_info    0x000000000000e254       0x79 src/startup_stm32f40xx.o
 .debug_info    0x000000000000e2cd      0x121 src/stm32f4xx_it.o
 .debug_info    0x000000000000e3ee      0x614 src/system_stm32f4xx.o
 .debug_info    0x000000000000ea02      0x970 src/timer.o
 .debug_info    0x000000000000f372      0xc78 src/tiny_printf.o
 .debug_info    0x000000000000ffea      0xb9d src/utils.o

.debug_abbrev   0x0000000000000000     0x2adc
 .debug_abbrev  0x0000000000000000       0xcd Libraries/FreeRTOS/freertos.o
 .debug_abbrev  0x00000000000000cd      0x29b Libraries/FreeRTOS/heap_4.o
 .debug_abbrev  0x0000000000000368      0x1cc Libraries/FreeRTOS/list.o
 .debug_abbrev  0x0000000000000534      0x20d Libraries/FreeRTOS/port.o
 .debug_abbrev  0x0000000000000741      0x351 Libraries/FreeRTOS/queue.o
 .debug_abbrev  0x0000000000000a92      0x344 Libraries/FreeRTOS/tasks.o
 .debug_abbrev  0x0000000000000dd6      0x1b8 Libraries/STM32F4xx_StdPeriph_Driver/src/stm32f4xx_gpio.o
 .debug_abbrev  0x0000000000000f8e      0x191 Libraries/STM32F4xx_StdPeriph_Driver/src/stm32f4xx_i2c.o
 .debug_abbrev  0x000000000000111f      0x194 Libraries/STM32F4xx_StdPeriph_Driver/src/stm32f4xx_pwr.o
 .debug_abbrev  0x00000000000012b3      0x1f8 Libraries/STM32F4xx_StdPeriph_Driver/src/stm32f4xx_rcc.o
 .debug_abbrev  0x00000000000014ab      0x1dd Libraries/STM32F4xx_StdPeriph_Driver/src/stm32f4xx_rtc.o
 .debug_abbrev  0x0000000000001688      0x182 Libraries/STM32F4xx_StdPeriph_Driver/src/stm32f4xx_usart.o
 .debug_abbrev  0x000000000000180a      0x29e src/Cmds.o
 .debug_abbrev  0x0000000000001aa8      0x133 src/Uart2_Inp.o
 .debug_abbrev  0x0000000000001bdb      0x218 src/Uart2_Outp.o
 .debug_abbrev  0x0000000000001df3      0x277 src/i2c_master.o
 .debug_abbrev  0x000000000000206a      0x240 src/main.o
 .debug_abbrev  0x00000000000022aa       0x12 src/startup_stm32f40xx.o
 .debug_abbrev  0x00000000000022bc       0x78 src/stm32f4xx_it.o
 .debug_abbrev  0x0000000000002334      0x158 src/system_stm32f4xx.o
 .debug_abbrev  0x000000000000248c      0x1db src/timer.o
 .debug_abbrev  0x0000000000002667      0x262 src/tiny_printf.o
 .debug_abbrev  0x00000000000028c9      0x213 src/utils.o

.debug_aranges  0x0000000000000000      0xde8
 .debug_aranges
                0x0000000000000000       0x20 Libraries/FreeRTOS/freertos.o
 .debug_aranges
                0x0000000000000020       0x50 Libraries/FreeRTOS/heap_4.o
 .debug_aranges
                0x0000000000000070       0x40 Libraries/FreeRTOS/list.o
 .debug_aranges
                0x00000000000000b0       0x80 Libraries/FreeRTOS/port.o
 .debug_aranges
                0x0000000000000130      0x108 Libraries/FreeRTOS/queue.o
 .debug_aranges
                0x0000000000000238      0x1a8 Libraries/FreeRTOS/tasks.o
 .debug_aranges
                0x00000000000003e0       0x88 Libraries/STM32F4xx_StdPeriph_Driver/src/stm32f4xx_gpio.o
 .debug_aranges
                0x0000000000000468      0x130 Libraries/STM32F4xx_StdPeriph_Driver/src/stm32f4xx_i2c.o
 .debug_aranges
                0x0000000000000598       0x78 Libraries/STM32F4xx_StdPeriph_Driver/src/stm32f4xx_pwr.o
 .debug_aranges
                0x0000000000000610      0x180 Libraries/STM32F4xx_StdPeriph_Driver/src/stm32f4xx_rcc.o
 .debug_aranges
                0x0000000000000790      0x1e0 Libraries/STM32F4xx_StdPeriph_Driver/src/stm32f4xx_rtc.o
 .debug_aranges
                0x0000000000000970      0x100 Libraries/STM32F4xx_StdPeriph_Driver/src/stm32f4xx_usart.o
 .debug_aranges
                0x0000000000000a70       0x80 src/Cmds.o
 .debug_aranges
                0x0000000000000af0       0x30 src/Uart2_Inp.o
 .debug_aranges
                0x0000000000000b20       0x78 src/Uart2_Outp.o
 .debug_aranges
                0x0000000000000b98       0x50 src/i2c_master.o
 .debug_aranges
                0x0000000000000be8       0x68 src/main.o
 .debug_aranges
                0x0000000000000c50       0x28 src/startup_stm32f40xx.o
 .debug_aranges
                0x0000000000000c78       0x48 src/stm32f4xx_it.o
 .debug_aranges
                0x0000000000000cc0       0x30 src/system_stm32f4xx.o
 .debug_aranges
                0x0000000000000cf0       0x38 src/timer.o
 .debug_aranges
                0x0000000000000d28       0x60 src/tiny_printf.o
 .debug_aranges
                0x0000000000000d88       0x60 src/utils.o

.debug_ranges   0x0000000000000000      0xc80
 .debug_ranges  0x0000000000000000       0x10 Libraries/FreeRTOS/freertos.o
 .debug_ranges  0x0000000000000010       0x40 Libraries/FreeRTOS/heap_4.o
 .debug_ranges  0x0000000000000050       0x30 Libraries/FreeRTOS/list.o
 .debug_ranges  0x0000000000000080       0x70 Libraries/FreeRTOS/port.o
 .debug_ranges  0x00000000000000f0       0xf8 Libraries/FreeRTOS/queue.o
 .debug_ranges  0x00000000000001e8      0x198 Libraries/FreeRTOS/tasks.o
 .debug_ranges  0x0000000000000380       0x78 Libraries/STM32F4xx_StdPeriph_Driver/src/stm32f4xx_gpio.o
 .debug_ranges  0x00000000000003f8      0x120 Libraries/STM32F4xx_StdPeriph_Driver/src/stm32f4xx_i2c.o
 .debug_ranges  0x0000000000000518       0x68 Libraries/STM32F4xx_StdPeriph_Driver/src/stm32f4xx_pwr.o
 .debug_ranges  0x0000000000000580      0x170 Libraries/STM32F4xx_StdPeriph_Driver/src/stm32f4xx_rcc.o
 .debug_ranges  0x00000000000006f0      0x1d0 Libraries/STM32F4xx_StdPeriph_Driver/src/stm32f4xx_rtc.o
 .debug_ranges  0x00000000000008c0       0xf0 Libraries/STM32F4xx_StdPeriph_Driver/src/stm32f4xx_usart.o
 .debug_ranges  0x00000000000009b0       0x70 src/Cmds.o
 .debug_ranges  0x0000000000000a20       0x20 src/Uart2_Inp.o
 .debug_ranges  0x0000000000000a40       0x68 src/Uart2_Outp.o
 .debug_ranges  0x0000000000000aa8       0x40 src/i2c_master.o
 .debug_ranges  0x0000000000000ae8       0x58 src/main.o
 .debug_ranges  0x0000000000000b40       0x20 src/startup_stm32f40xx.o
 .debug_ranges  0x0000000000000b60       0x38 src/stm32f4xx_it.o
 .debug_ranges  0x0000000000000b98       0x20 src/system_stm32f4xx.o
 .debug_ranges  0x0000000000000bb8       0x28 src/timer.o
 .debug_ranges  0x0000000000000be0       0x50 src/tiny_printf.o
 .debug_ranges  0x0000000000000c30       0x50 src/utils.o

.debug_line     0x0000000000000000     0x6182
 .debug_line    0x0000000000000000      0x172 Libraries/FreeRTOS/freertos.o
 .debug_line    0x0000000000000172      0x385 Libraries/FreeRTOS/heap_4.o
 .debug_line    0x00000000000004f7      0x2c4 Libraries/FreeRTOS/list.o
 .debug_line    0x00000000000007bb      0x37d Libraries/FreeRTOS/port.o
 .debug_line    0x0000000000000b38      0xba1 Libraries/FreeRTOS/queue.o
 .debug_line    0x00000000000016d9      0xd9d Libraries/FreeRTOS/tasks.o
 .debug_line    0x0000000000002476      0x35f Libraries/STM32F4xx_StdPeriph_Driver/src/stm32f4xx_gpio.o
 .debug_line    0x00000000000027d5      0x515 Libraries/STM32F4xx_StdPeriph_Driver/src/stm32f4xx_i2c.o
 .debug_line    0x0000000000002cea      0x2b8 Libraries/STM32F4xx_StdPeriph_Driver/src/stm32f4xx_pwr.o
 .debug_line    0x0000000000002fa2      0x5b7 Libraries/STM32F4xx_StdPeriph_Driver/src/stm32f4xx_rcc.o
 .debug_line    0x0000000000003559      0x824 Libraries/STM32F4xx_StdPeriph_Driver/src/stm32f4xx_rtc.o
 .debug_line    0x0000000000003d7d      0x4c9 Libraries/STM32F4xx_StdPeriph_Driver/src/stm32f4xx_usart.o
 .debug_line    0x0000000000004246      0x4dc src/Cmds.o
 .debug_line    0x0000000000004722      0x21e src/Uart2_Inp.o
 .debug_line    0x0000000000004940      0x348 src/Uart2_Outp.o
 .debug_line    0x0000000000004c88      0x436 src/i2c_master.o
 .debug_line    0x00000000000050be      0x400 src/main.o
 .debug_line    0x00000000000054be       0x7a src/startup_stm32f40xx.o
 .debug_line    0x0000000000005538      0x1df src/stm32f4xx_it.o
 .debug_line    0x0000000000005717      0x201 src/system_stm32f4xx.o
 .debug_line    0x0000000000005918      0x236 src/timer.o
 .debug_line    0x0000000000005b4e      0x29e src/tiny_printf.o
 .debug_line    0x0000000000005dec      0x396 src/utils.o

.debug_str      0x0000000000000000     0x41af
 .debug_str     0x0000000000000000      0x2dc Libraries/FreeRTOS/freertos.o
                                        0x34a (size before relaxing)
 .debug_str     0x00000000000002dc      0x5f1 Libraries/FreeRTOS/heap_4.o
                                        0x7fd (size before relaxing)
 .debug_str     0x00000000000008cd      0x119 Libraries/FreeRTOS/list.o
                                        0x744 (size before relaxing)
 .debug_str     0x00000000000009e6      0x22d Libraries/FreeRTOS/port.o
                                        0x44e (size before relaxing)
 .debug_str     0x0000000000000c13      0x62a Libraries/FreeRTOS/queue.o
                                        0xd7c (size before relaxing)
 .debug_str     0x000000000000123d      0xa2e Libraries/FreeRTOS/tasks.o
                                       0x132c (size before relaxing)
 .debug_str     0x0000000000001c6b      0x34b Libraries/STM32F4xx_StdPeriph_Driver/src/stm32f4xx_gpio.o
                                        0x52a (size before relaxing)
 .debug_str     0x0000000000001fb6      0x4f5 Libraries/STM32F4xx_StdPeriph_Driver/src/stm32f4xx_i2c.o
                                        0x739 (size before relaxing)
 .debug_str     0x00000000000024ab      0x1ce Libraries/STM32F4xx_StdPeriph_Driver/src/stm32f4xx_pwr.o
                                        0x404 (size before relaxing)
 .debug_str     0x0000000000002679      0x60a Libraries/STM32F4xx_StdPeriph_Driver/src/stm32f4xx_rcc.o
                                        0x925 (size before relaxing)
 .debug_str     0x0000000000002c83      0x957 Libraries/STM32F4xx_StdPeriph_Driver/src/stm32f4xx_rtc.o
                                        0xbcf (size before relaxing)
 .debug_str     0x00000000000035da      0x42a Libraries/STM32F4xx_StdPeriph_Driver/src/stm32f4xx_usart.o
                                        0x716 (size before relaxing)
 .debug_str     0x0000000000003a04      0x15b src/Cmds.o
                                        0xafa (size before relaxing)
 .debug_str     0x0000000000003b5f       0x88 src/Uart2_Inp.o
                                        0x2f3 (size before relaxing)
 .debug_str     0x0000000000003be7      0x171 src/Uart2_Outp.o
                                        0x7f8 (size before relaxing)
 .debug_str     0x0000000000003d58      0x145 src/i2c_master.o
                                        0x99b (size before relaxing)
 .debug_str     0x0000000000003e9d       0xed src/main.o
                                        0xae7 (size before relaxing)
 .debug_str     0x0000000000003f8a       0x7b src/stm32f4xx_it.o
                                        0x24b (size before relaxing)
 .debug_str     0x0000000000004005       0x60 src/system_stm32f4xx.o
                                        0x42e (size before relaxing)
 .debug_str     0x0000000000004065       0x5d src/timer.o
                                        0x66d (size before relaxing)
 .debug_str     0x00000000000040c2       0x99 src/tiny_printf.o
                                        0x68b (size before relaxing)
 .debug_str     0x000000000000415b       0x54 src/utils.o
                                        0x697 (size before relaxing)

.comment        0x0000000000000000       0x7c
 .comment       0x0000000000000000       0x7c Libraries/FreeRTOS/freertos.o
                                         0x7d (size before relaxing)
 .comment       0x000000000000007c       0x7d Libraries/FreeRTOS/heap_4.o
 .comment       0x000000000000007c       0x7d Libraries/FreeRTOS/list.o
 .comment       0x000000000000007c       0x7d Libraries/FreeRTOS/port.o
 .comment       0x000000000000007c       0x7d Libraries/FreeRTOS/queue.o
 .comment       0x000000000000007c       0x7d Libraries/FreeRTOS/tasks.o
 .comment       0x000000000000007c       0x7d Libraries/STM32F4xx_StdPeriph_Driver/src/stm32f4xx_gpio.o
 .comment       0x000000000000007c       0x7d Libraries/STM32F4xx_StdPeriph_Driver/src/stm32f4xx_i2c.o
 .comment       0x000000000000007c       0x7d Libraries/STM32F4xx_StdPeriph_Driver/src/stm32f4xx_pwr.o
 .comment       0x000000000000007c       0x7d Libraries/STM32F4xx_StdPeriph_Driver/src/stm32f4xx_rcc.o
 .comment       0x000000000000007c       0x7d Libraries/STM32F4xx_StdPeriph_Driver/src/stm32f4xx_rtc.o
 .comment       0x000000000000007c       0x7d Libraries/STM32F4xx_StdPeriph_Driver/src/stm32f4xx_usart.o
 .comment       0x000000000000007c       0x7d src/Cmds.o
 .comment       0x000000000000007c       0x7d src/Uart2_Inp.o
 .comment       0x000000000000007c       0x7d src/Uart2_Outp.o
 .comment       0x000000000000007c       0x7d src/i2c_master.o
 .comment       0x000000000000007c       0x7d src/main.o
 .comment       0x000000000000007c       0x7d src/stm32f4xx_it.o
 .comment       0x000000000000007c       0x7d src/system_stm32f4xx.o
 .comment       0x000000000000007c       0x7d src/timer.o
 .comment       0x000000000000007c       0x7d src/tiny_printf.o
 .comment       0x000000000000007c       0x7d src/utils.o

.debug_frame    0x0000000000000000     0x3a7c
 .debug_frame   0x0000000000000000       0x38 Libraries/FreeRTOS/freertos.o
 .debug_frame   0x0000000000000038      0x108 Libraries/FreeRTOS/heap_4.o
 .debug_frame   0x0000000000000140       0xd8 Libraries/FreeRTOS/list.o
 .debug_frame   0x0000000000000218      0x1a8 Libraries/FreeRTOS/port.o
 .debug_frame   0x00000000000003c0      0x46c Libraries/FreeRTOS/queue.o
 .debug_frame   0x000000000000082c      0x734 Libraries/FreeRTOS/tasks.o
 .debug_frame   0x0000000000000f60      0x23c Libraries/STM32F4xx_StdPeriph_Driver/src/stm32f4xx_gpio.o
 .debug_frame   0x000000000000119c      0x580 Libraries/STM32F4xx_StdPeriph_Driver/src/stm32f4xx_i2c.o
 .debug_frame   0x000000000000171c      0x1dc Libraries/STM32F4xx_StdPeriph_Driver/src/stm32f4xx_pwr.o
 .debug_frame   0x00000000000018f8      0x6fc Libraries/STM32F4xx_StdPeriph_Driver/src/stm32f4xx_rcc.o
 .debug_frame   0x0000000000001ff4      0x8b0 Libraries/STM32F4xx_StdPeriph_Driver/src/stm32f4xx_rtc.o
 .debug_frame   0x00000000000028a4      0x490 Libraries/STM32F4xx_StdPeriph_Driver/src/stm32f4xx_usart.o
 .debug_frame   0x0000000000002d34      0x1e4 src/Cmds.o
 .debug_frame   0x0000000000002f18       0x74 src/Uart2_Inp.o
 .debug_frame   0x0000000000002f8c      0x1c0 src/Uart2_Outp.o
 .debug_frame   0x000000000000314c      0x120 src/i2c_master.o
 .debug_frame   0x000000000000326c      0x158 src/main.o
 .debug_frame   0x00000000000033c4       0xb0 src/stm32f4xx_it.o
 .debug_frame   0x0000000000003474       0x7c src/system_stm32f4xx.o
 .debug_frame   0x00000000000034f0       0x98 src/timer.o
 .debug_frame   0x0000000000003588      0x1bc src/tiny_printf.o
 .debug_frame   0x0000000000003744      0x174 src/utils.o
 .debug_frame   0x00000000000038b8       0x2c /opt/Atollic_TrueSTUDIO_for_STM32_x86_64_9.3.0/ARMTools/bin/../lib/gcc/arm-atollic-eabi/6.3.1/../../../../arm-atollic-eabi/lib/armv7e-m/fpu/libc_nano.a(lib_a-init.o)
 .debug_frame   0x00000000000038e4       0x28 /opt/Atollic_TrueSTUDIO_for_STM32_x86_64_9.3.0/ARMTools/bin/../lib/gcc/arm-atollic-eabi/6.3.1/../../../../arm-atollic-eabi/lib/armv7e-m/fpu/libc_nano.a(lib_a-memcpy-stub.o)
 .debug_frame   0x000000000000390c       0x2c /opt/Atollic_TrueSTUDIO_for_STM32_x86_64_9.3.0/ARMTools/bin/../lib/gcc/arm-atollic-eabi/6.3.1/../../../../arm-atollic-eabi/lib/armv7e-m/fpu/libc_nano.a(lib_a-strncpy.o)
 .debug_frame   0x0000000000003938       0xac /opt/Atollic_TrueSTUDIO_for_STM32_x86_64_9.3.0/ARMTools/bin/../lib/gcc/arm-atollic-eabi/6.3.1/armv7e-m/fpu/libgcc.a(_arm_addsubdf3.o)
 .debug_frame   0x00000000000039e4       0x50 /opt/Atollic_TrueSTUDIO_for_STM32_x86_64_9.3.0/ARMTools/bin/../lib/gcc/arm-atollic-eabi/6.3.1/armv7e-m/fpu/libgcc.a(_arm_muldivdf3.o)
 .debug_frame   0x0000000000003a34       0x24 /opt/Atollic_TrueSTUDIO_for_STM32_x86_64_9.3.0/ARMTools/bin/../lib/gcc/arm-atollic-eabi/6.3.1/armv7e-m/fpu/libgcc.a(_arm_fixdfsi.o)
 .debug_frame   0x0000000000003a58       0x24 /opt/Atollic_TrueSTUDIO_for_STM32_x86_64_9.3.0/ARMTools/bin/../lib/gcc/arm-atollic-eabi/6.3.1/armv7e-m/fpu/libgcc.a(_arm_truncdfsf2.o)

Cross Reference Table

Symbol                                            File
ADC_AnalogWatchdogCmd                             Libraries/STM32F4xx_StdPeriph_Driver/src/stm32f4xx_adc.o
ADC_AnalogWatchdogSingleChannelConfig             Libraries/STM32F4xx_StdPeriph_Driver/src/stm32f4xx_adc.o
ADC_AnalogWatchdogThresholdsConfig                Libraries/STM32F4xx_StdPeriph_Driver/src/stm32f4xx_adc.o
ADC_AutoInjectedConvCmd                           Libraries/STM32F4xx_StdPeriph_Driver/src/stm32f4xx_adc.o
ADC_ClearFlag                                     Libraries/STM32F4xx_StdPeriph_Driver/src/stm32f4xx_adc.o
ADC_ClearITPendingBit                             Libraries/STM32F4xx_StdPeriph_Driver/src/stm32f4xx_adc.o
ADC_Cmd                                           Libraries/STM32F4xx_StdPeriph_Driver/src/stm32f4xx_adc.o
ADC_CommonInit                                    Libraries/STM32F4xx_StdPeriph_Driver/src/stm32f4xx_adc.o
ADC_CommonStructInit                              Libraries/STM32F4xx_StdPeriph_Driver/src/stm32f4xx_adc.o
ADC_ContinuousModeCmd                             Libraries/STM32F4xx_StdPeriph_Driver/src/stm32f4xx_adc.o
ADC_DMACmd                                        Libraries/STM32F4xx_StdPeriph_Driver/src/stm32f4xx_adc.o
ADC_DMARequestAfterLastTransferCmd                Libraries/STM32F4xx_StdPeriph_Driver/src/stm32f4xx_adc.o
ADC_DeInit                                        Libraries/STM32F4xx_StdPeriph_Driver/src/stm32f4xx_adc.o
ADC_DiscModeChannelCountConfig                    Libraries/STM32F4xx_StdPeriph_Driver/src/stm32f4xx_adc.o
ADC_DiscModeCmd                                   Libraries/STM32F4xx_StdPeriph_Driver/src/stm32f4xx_adc.o
ADC_EOCOnEachRegularChannelCmd                    Libraries/STM32F4xx_StdPeriph_Driver/src/stm32f4xx_adc.o
ADC_ExternalTrigInjectedConvConfig                Libraries/STM32F4xx_StdPeriph_Driver/src/stm32f4xx_adc.o
ADC_ExternalTrigInjectedConvEdgeConfig            Libraries/STM32F4xx_StdPeriph_Driver/src/stm32f4xx_adc.o
ADC_GetConversionValue                            Libraries/STM32F4xx_StdPeriph_Driver/src/stm32f4xx_adc.o
ADC_GetFlagStatus                                 Libraries/STM32F4xx_StdPeriph_Driver/src/stm32f4xx_adc.o
ADC_GetITStatus                                   Libraries/STM32F4xx_StdPeriph_Driver/src/stm32f4xx_adc.o
ADC_GetInjectedConversionValue                    Libraries/STM32F4xx_StdPeriph_Driver/src/stm32f4xx_adc.o
ADC_GetMultiModeConversionValue                   Libraries/STM32F4xx_StdPeriph_Driver/src/stm32f4xx_adc.o
ADC_GetSoftwareStartConvStatus                    Libraries/STM32F4xx_StdPeriph_Driver/src/stm32f4xx_adc.o
ADC_GetSoftwareStartInjectedConvCmdStatus         Libraries/STM32F4xx_StdPeriph_Driver/src/stm32f4xx_adc.o
ADC_IRQHandler                                    src/startup_stm32f40xx.o
ADC_ITConfig                                      Libraries/STM32F4xx_StdPeriph_Driver/src/stm32f4xx_adc.o
ADC_Init                                          Libraries/STM32F4xx_StdPeriph_Driver/src/stm32f4xx_adc.o
ADC_InjectedChannelConfig                         Libraries/STM32F4xx_StdPeriph_Driver/src/stm32f4xx_adc.o
ADC_InjectedDiscModeCmd                           Libraries/STM32F4xx_StdPeriph_Driver/src/stm32f4xx_adc.o
ADC_InjectedSequencerLengthConfig                 Libraries/STM32F4xx_StdPeriph_Driver/src/stm32f4xx_adc.o
ADC_MultiModeDMARequestAfterLastTransferCmd       Libraries/STM32F4xx_StdPeriph_Driver/src/stm32f4xx_adc.o
ADC_RegularChannelConfig                          Libraries/STM32F4xx_StdPeriph_Driver/src/stm32f4xx_adc.o
ADC_SetInjectedOffset                             Libraries/STM32F4xx_StdPeriph_Driver/src/stm32f4xx_adc.o
ADC_SoftwareStartConv                             Libraries/STM32F4xx_StdPeriph_Driver/src/stm32f4xx_adc.o
ADC_SoftwareStartInjectedConv                     Libraries/STM32F4xx_StdPeriph_Driver/src/stm32f4xx_adc.o
ADC_StructInit                                    Libraries/STM32F4xx_StdPeriph_Driver/src/stm32f4xx_adc.o
ADC_TempSensorVrefintCmd                          Libraries/STM32F4xx_StdPeriph_Driver/src/stm32f4xx_adc.o
ADC_VBATCmd                                       Libraries/STM32F4xx_StdPeriph_Driver/src/stm32f4xx_adc.o
AHBPrescTable                                     src/system_stm32f4xx.o
AtoI                                              src/utils.o
                                                  src/Cmds.o
BtoH                                              src/utils.o
                                                  src/Uart2_Outp.o
                                                  src/Cmds.o
BtoHnz                                            src/utils.o
BusFault_Handler                                  src/stm32f4xx_it.o
                                                  src/startup_stm32f40xx.o
CAN1_RX0_IRQHandler                               src/startup_stm32f40xx.o
CAN1_RX1_IRQHandler                               src/startup_stm32f40xx.o
CAN1_SCE_IRQHandler                               src/startup_stm32f40xx.o
CAN1_TX_IRQHandler                                src/startup_stm32f40xx.o
CAN2_RX0_IRQHandler                               src/startup_stm32f40xx.o
CAN2_RX1_IRQHandler                               src/startup_stm32f40xx.o
CAN2_SCE_IRQHandler                               src/startup_stm32f40xx.o
CAN2_TX_IRQHandler                                src/startup_stm32f40xx.o
CAN_CancelTransmit                                Libraries/STM32F4xx_StdPeriph_Driver/src/stm32f4xx_can.o
CAN_ClearFlag                                     Libraries/STM32F4xx_StdPeriph_Driver/src/stm32f4xx_can.o
CAN_ClearITPendingBit                             Libraries/STM32F4xx_StdPeriph_Driver/src/stm32f4xx_can.o
CAN_DBGFreeze                                     Libraries/STM32F4xx_StdPeriph_Driver/src/stm32f4xx_can.o
CAN_DeInit                                        Libraries/STM32F4xx_StdPeriph_Driver/src/stm32f4xx_can.o
CAN_FIFORelease                                   Libraries/STM32F4xx_StdPeriph_Driver/src/stm32f4xx_can.o
CAN_FilterInit                                    Libraries/STM32F4xx_StdPeriph_Driver/src/stm32f4xx_can.o
CAN_GetFlagStatus                                 Libraries/STM32F4xx_StdPeriph_Driver/src/stm32f4xx_can.o
CAN_GetITStatus                                   Libraries/STM32F4xx_StdPeriph_Driver/src/stm32f4xx_can.o
CAN_GetLSBTransmitErrorCounter                    Libraries/STM32F4xx_StdPeriph_Driver/src/stm32f4xx_can.o
CAN_GetLastErrorCode                              Libraries/STM32F4xx_StdPeriph_Driver/src/stm32f4xx_can.o
CAN_GetReceiveErrorCounter                        Libraries/STM32F4xx_StdPeriph_Driver/src/stm32f4xx_can.o
CAN_ITConfig                                      Libraries/STM32F4xx_StdPeriph_Driver/src/stm32f4xx_can.o
CAN_Init                                          Libraries/STM32F4xx_StdPeriph_Driver/src/stm32f4xx_can.o
CAN_MessagePending                                Libraries/STM32F4xx_StdPeriph_Driver/src/stm32f4xx_can.o
CAN_OperatingModeRequest                          Libraries/STM32F4xx_StdPeriph_Driver/src/stm32f4xx_can.o
CAN_Receive                                       Libraries/STM32F4xx_StdPeriph_Driver/src/stm32f4xx_can.o
CAN_SlaveStartBank                                Libraries/STM32F4xx_StdPeriph_Driver/src/stm32f4xx_can.o
CAN_Sleep                                         Libraries/STM32F4xx_StdPeriph_Driver/src/stm32f4xx_can.o
CAN_StructInit                                    Libraries/STM32F4xx_StdPeriph_Driver/src/stm32f4xx_can.o
CAN_TTComModeCmd                                  Libraries/STM32F4xx_StdPeriph_Driver/src/stm32f4xx_can.o
CAN_Transmit                                      Libraries/STM32F4xx_StdPeriph_Driver/src/stm32f4xx_can.o
CAN_TransmitStatus                                Libraries/STM32F4xx_StdPeriph_Driver/src/stm32f4xx_can.o
CAN_WakeUp                                        Libraries/STM32F4xx_StdPeriph_Driver/src/stm32f4xx_can.o
CMDS_DisplayVersion                               src/Cmds.o
                                                  src/main.o
CMDS_Init                                         src/Cmds.o
                                                  src/main.o
CMDS_Process                                      src/Cmds.o
                                                  src/main.o
CMDS_SetInputStr                                  src/Cmds.o
                                                  src/Uart2_Inp.o
CRC_CalcBlockCRC                                  Libraries/STM32F4xx_StdPeriph_Driver/src/stm32f4xx_crc.o
CRC_CalcCRC                                       Libraries/STM32F4xx_StdPeriph_Driver/src/stm32f4xx_crc.o
CRC_GetCRC                                        Libraries/STM32F4xx_StdPeriph_Driver/src/stm32f4xx_crc.o
CRC_GetIDRegister                                 Libraries/STM32F4xx_StdPeriph_Driver/src/stm32f4xx_crc.o
CRC_ResetDR                                       Libraries/STM32F4xx_StdPeriph_Driver/src/stm32f4xx_crc.o
CRC_SetIDRegister                                 Libraries/STM32F4xx_StdPeriph_Driver/src/stm32f4xx_crc.o
CRYP_AES_CBC                                      Libraries/STM32F4xx_StdPeriph_Driver/src/stm32f4xx_cryp_aes.o
CRYP_AES_CCM                                      Libraries/STM32F4xx_StdPeriph_Driver/src/stm32f4xx_cryp_aes.o
CRYP_AES_CTR                                      Libraries/STM32F4xx_StdPeriph_Driver/src/stm32f4xx_cryp_aes.o
CRYP_AES_ECB                                      Libraries/STM32F4xx_StdPeriph_Driver/src/stm32f4xx_cryp_aes.o
CRYP_AES_GCM                                      Libraries/STM32F4xx_StdPeriph_Driver/src/stm32f4xx_cryp_aes.o
CRYP_Cmd                                          Libraries/STM32F4xx_StdPeriph_Driver/src/stm32f4xx_cryp.o
                                                  Libraries/STM32F4xx_StdPeriph_Driver/src/stm32f4xx_cryp_tdes.o
                                                  Libraries/STM32F4xx_StdPeriph_Driver/src/stm32f4xx_cryp_des.o
                                                  Libraries/STM32F4xx_StdPeriph_Driver/src/stm32f4xx_cryp_aes.o
CRYP_DES_CBC                                      Libraries/STM32F4xx_StdPeriph_Driver/src/stm32f4xx_cryp_des.o
CRYP_DES_ECB                                      Libraries/STM32F4xx_StdPeriph_Driver/src/stm32f4xx_cryp_des.o
CRYP_DMACmd                                       Libraries/STM32F4xx_StdPeriph_Driver/src/stm32f4xx_cryp.o
CRYP_DataIn                                       Libraries/STM32F4xx_StdPeriph_Driver/src/stm32f4xx_cryp.o
                                                  Libraries/STM32F4xx_StdPeriph_Driver/src/stm32f4xx_cryp_tdes.o
                                                  Libraries/STM32F4xx_StdPeriph_Driver/src/stm32f4xx_cryp_des.o
                                                  Libraries/STM32F4xx_StdPeriph_Driver/src/stm32f4xx_cryp_aes.o
CRYP_DataOut                                      Libraries/STM32F4xx_StdPeriph_Driver/src/stm32f4xx_cryp.o
                                                  Libraries/STM32F4xx_StdPeriph_Driver/src/stm32f4xx_cryp_tdes.o
                                                  Libraries/STM32F4xx_StdPeriph_Driver/src/stm32f4xx_cryp_des.o
                                                  Libraries/STM32F4xx_StdPeriph_Driver/src/stm32f4xx_cryp_aes.o
CRYP_DeInit                                       Libraries/STM32F4xx_StdPeriph_Driver/src/stm32f4xx_cryp.o
CRYP_FIFOFlush                                    Libraries/STM32F4xx_StdPeriph_Driver/src/stm32f4xx_cryp.o
                                                  Libraries/STM32F4xx_StdPeriph_Driver/src/stm32f4xx_cryp_tdes.o
                                                  Libraries/STM32F4xx_StdPeriph_Driver/src/stm32f4xx_cryp_des.o
                                                  Libraries/STM32F4xx_StdPeriph_Driver/src/stm32f4xx_cryp_aes.o
CRYP_GetCmdStatus                                 Libraries/STM32F4xx_StdPeriph_Driver/src/stm32f4xx_cryp.o
                                                  Libraries/STM32F4xx_StdPeriph_Driver/src/stm32f4xx_cryp_tdes.o
                                                  Libraries/STM32F4xx_StdPeriph_Driver/src/stm32f4xx_cryp_des.o
                                                  Libraries/STM32F4xx_StdPeriph_Driver/src/stm32f4xx_cryp_aes.o
CRYP_GetFlagStatus                                Libraries/STM32F4xx_StdPeriph_Driver/src/stm32f4xx_cryp.o
                                                  Libraries/STM32F4xx_StdPeriph_Driver/src/stm32f4xx_cryp_tdes.o
                                                  Libraries/STM32F4xx_StdPeriph_Driver/src/stm32f4xx_cryp_des.o
                                                  Libraries/STM32F4xx_StdPeriph_Driver/src/stm32f4xx_cryp_aes.o
CRYP_GetITStatus                                  Libraries/STM32F4xx_StdPeriph_Driver/src/stm32f4xx_cryp.o
CRYP_ITConfig                                     Libraries/STM32F4xx_StdPeriph_Driver/src/stm32f4xx_cryp.o
CRYP_IVInit                                       Libraries/STM32F4xx_StdPeriph_Driver/src/stm32f4xx_cryp.o
                                                  Libraries/STM32F4xx_StdPeriph_Driver/src/stm32f4xx_cryp_tdes.o
                                                  Libraries/STM32F4xx_StdPeriph_Driver/src/stm32f4xx_cryp_des.o
                                                  Libraries/STM32F4xx_StdPeriph_Driver/src/stm32f4xx_cryp_aes.o
CRYP_IVStructInit                                 Libraries/STM32F4xx_StdPeriph_Driver/src/stm32f4xx_cryp.o
CRYP_Init                                         Libraries/STM32F4xx_StdPeriph_Driver/src/stm32f4xx_cryp.o
                                                  Libraries/STM32F4xx_StdPeriph_Driver/src/stm32f4xx_cryp_tdes.o
                                                  Libraries/STM32F4xx_StdPeriph_Driver/src/stm32f4xx_cryp_des.o
                                                  Libraries/STM32F4xx_StdPeriph_Driver/src/stm32f4xx_cryp_aes.o
CRYP_KeyInit                                      Libraries/STM32F4xx_StdPeriph_Driver/src/stm32f4xx_cryp.o
                                                  Libraries/STM32F4xx_StdPeriph_Driver/src/stm32f4xx_cryp_tdes.o
                                                  Libraries/STM32F4xx_StdPeriph_Driver/src/stm32f4xx_cryp_des.o
                                                  Libraries/STM32F4xx_StdPeriph_Driver/src/stm32f4xx_cryp_aes.o
CRYP_KeyStructInit                                Libraries/STM32F4xx_StdPeriph_Driver/src/stm32f4xx_cryp.o
                                                  Libraries/STM32F4xx_StdPeriph_Driver/src/stm32f4xx_cryp_tdes.o
                                                  Libraries/STM32F4xx_StdPeriph_Driver/src/stm32f4xx_cryp_des.o
                                                  Libraries/STM32F4xx_StdPeriph_Driver/src/stm32f4xx_cryp_aes.o
CRYP_PhaseConfig                                  Libraries/STM32F4xx_StdPeriph_Driver/src/stm32f4xx_cryp.o
                                                  Libraries/STM32F4xx_StdPeriph_Driver/src/stm32f4xx_cryp_aes.o
CRYP_RestoreContext                               Libraries/STM32F4xx_StdPeriph_Driver/src/stm32f4xx_cryp.o
CRYP_SaveContext                                  Libraries/STM32F4xx_StdPeriph_Driver/src/stm32f4xx_cryp.o
CRYP_StructInit                                   Libraries/STM32F4xx_StdPeriph_Driver/src/stm32f4xx_cryp.o
CRYP_TDES_CBC                                     Libraries/STM32F4xx_StdPeriph_Driver/src/stm32f4xx_cryp_tdes.o
CRYP_TDES_ECB                                     Libraries/STM32F4xx_StdPeriph_Driver/src/stm32f4xx_cryp_tdes.o
DAC_ClearFlag                                     Libraries/STM32F4xx_StdPeriph_Driver/src/stm32f4xx_dac.o
DAC_ClearITPendingBit                             Libraries/STM32F4xx_StdPeriph_Driver/src/stm32f4xx_dac.o
DAC_Cmd                                           Libraries/STM32F4xx_StdPeriph_Driver/src/stm32f4xx_dac.o
DAC_DMACmd                                        Libraries/STM32F4xx_StdPeriph_Driver/src/stm32f4xx_dac.o
DAC_DeInit                                        Libraries/STM32F4xx_StdPeriph_Driver/src/stm32f4xx_dac.o
DAC_DualSoftwareTriggerCmd                        Libraries/STM32F4xx_StdPeriph_Driver/src/stm32f4xx_dac.o
DAC_GetDataOutputValue                            Libraries/STM32F4xx_StdPeriph_Driver/src/stm32f4xx_dac.o
DAC_GetFlagStatus                                 Libraries/STM32F4xx_StdPeriph_Driver/src/stm32f4xx_dac.o
DAC_GetITStatus                                   Libraries/STM32F4xx_StdPeriph_Driver/src/stm32f4xx_dac.o
DAC_ITConfig                                      Libraries/STM32F4xx_StdPeriph_Driver/src/stm32f4xx_dac.o
DAC_Init                                          Libraries/STM32F4xx_StdPeriph_Driver/src/stm32f4xx_dac.o
DAC_SetChannel1Data                               Libraries/STM32F4xx_StdPeriph_Driver/src/stm32f4xx_dac.o
DAC_SetChannel2Data                               Libraries/STM32F4xx_StdPeriph_Driver/src/stm32f4xx_dac.o
DAC_SetDualChannelData                            Libraries/STM32F4xx_StdPeriph_Driver/src/stm32f4xx_dac.o
DAC_SoftwareTriggerCmd                            Libraries/STM32F4xx_StdPeriph_Driver/src/stm32f4xx_dac.o
DAC_StructInit                                    Libraries/STM32F4xx_StdPeriph_Driver/src/stm32f4xx_dac.o
DAC_WaveGenerationCmd                             Libraries/STM32F4xx_StdPeriph_Driver/src/stm32f4xx_dac.o
DBGMCU_APB1PeriphConfig                           Libraries/STM32F4xx_StdPeriph_Driver/src/stm32f4xx_dbgmcu.o
DBGMCU_APB2PeriphConfig                           Libraries/STM32F4xx_StdPeriph_Driver/src/stm32f4xx_dbgmcu.o
DBGMCU_Config                                     Libraries/STM32F4xx_StdPeriph_Driver/src/stm32f4xx_dbgmcu.o
DBGMCU_GetDEVID                                   Libraries/STM32F4xx_StdPeriph_Driver/src/stm32f4xx_dbgmcu.o
DBGMCU_GetREVID                                   Libraries/STM32F4xx_StdPeriph_Driver/src/stm32f4xx_dbgmcu.o
DCMI_CROPCmd                                      Libraries/STM32F4xx_StdPeriph_Driver/src/stm32f4xx_dcmi.o
DCMI_CROPConfig                                   Libraries/STM32F4xx_StdPeriph_Driver/src/stm32f4xx_dcmi.o
DCMI_CaptureCmd                                   Libraries/STM32F4xx_StdPeriph_Driver/src/stm32f4xx_dcmi.o
DCMI_ClearFlag                                    Libraries/STM32F4xx_StdPeriph_Driver/src/stm32f4xx_dcmi.o
DCMI_ClearITPendingBit                            Libraries/STM32F4xx_StdPeriph_Driver/src/stm32f4xx_dcmi.o
DCMI_Cmd                                          Libraries/STM32F4xx_StdPeriph_Driver/src/stm32f4xx_dcmi.o
DCMI_DeInit                                       Libraries/STM32F4xx_StdPeriph_Driver/src/stm32f4xx_dcmi.o
DCMI_GetFlagStatus                                Libraries/STM32F4xx_StdPeriph_Driver/src/stm32f4xx_dcmi.o
DCMI_GetITStatus                                  Libraries/STM32F4xx_StdPeriph_Driver/src/stm32f4xx_dcmi.o
DCMI_ITConfig                                     Libraries/STM32F4xx_StdPeriph_Driver/src/stm32f4xx_dcmi.o
DCMI_Init                                         Libraries/STM32F4xx_StdPeriph_Driver/src/stm32f4xx_dcmi.o
DCMI_JPEGCmd                                      Libraries/STM32F4xx_StdPeriph_Driver/src/stm32f4xx_dcmi.o
DCMI_ReadData                                     Libraries/STM32F4xx_StdPeriph_Driver/src/stm32f4xx_dcmi.o
DCMI_SetEmbeddedSynchroCodes                      Libraries/STM32F4xx_StdPeriph_Driver/src/stm32f4xx_dcmi.o
DCMI_StructInit                                   Libraries/STM32F4xx_StdPeriph_Driver/src/stm32f4xx_dcmi.o
DMA1_Stream0_IRQHandler                           src/startup_stm32f40xx.o
DMA1_Stream1_IRQHandler                           src/startup_stm32f40xx.o
DMA1_Stream2_IRQHandler                           src/startup_stm32f40xx.o
DMA1_Stream3_IRQHandler                           src/startup_stm32f40xx.o
DMA1_Stream4_IRQHandler                           src/startup_stm32f40xx.o
DMA1_Stream5_IRQHandler                           src/startup_stm32f40xx.o
DMA1_Stream6_IRQHandler                           src/startup_stm32f40xx.o
DMA1_Stream7_IRQHandler                           src/startup_stm32f40xx.o
DMA2_Stream0_IRQHandler                           src/startup_stm32f40xx.o
DMA2_Stream1_IRQHandler                           src/startup_stm32f40xx.o
DMA2_Stream2_IRQHandler                           src/startup_stm32f40xx.o
DMA2_Stream3_IRQHandler                           src/startup_stm32f40xx.o
DMA2_Stream4_IRQHandler                           src/startup_stm32f40xx.o
DMA2_Stream5_IRQHandler                           src/startup_stm32f40xx.o
DMA2_Stream6_IRQHandler                           src/startup_stm32f40xx.o
DMA2_Stream7_IRQHandler                           src/startup_stm32f40xx.o
DMA_ClearFlag                                     Libraries/STM32F4xx_StdPeriph_Driver/src/stm32f4xx_dma.o
DMA_ClearITPendingBit                             Libraries/STM32F4xx_StdPeriph_Driver/src/stm32f4xx_dma.o
DMA_Cmd                                           Libraries/STM32F4xx_StdPeriph_Driver/src/stm32f4xx_dma.o
DMA_DeInit                                        Libraries/STM32F4xx_StdPeriph_Driver/src/stm32f4xx_dma.o
DMA_DoubleBufferModeCmd                           Libraries/STM32F4xx_StdPeriph_Driver/src/stm32f4xx_dma.o
DMA_DoubleBufferModeConfig                        Libraries/STM32F4xx_StdPeriph_Driver/src/stm32f4xx_dma.o
DMA_FlowControllerConfig                          Libraries/STM32F4xx_StdPeriph_Driver/src/stm32f4xx_dma.o
DMA_GetCmdStatus                                  Libraries/STM32F4xx_StdPeriph_Driver/src/stm32f4xx_dma.o
DMA_GetCurrDataCounter                            Libraries/STM32F4xx_StdPeriph_Driver/src/stm32f4xx_dma.o
DMA_GetCurrentMemoryTarget                        Libraries/STM32F4xx_StdPeriph_Driver/src/stm32f4xx_dma.o
DMA_GetFIFOStatus                                 Libraries/STM32F4xx_StdPeriph_Driver/src/stm32f4xx_dma.o
DMA_GetFlagStatus                                 Libraries/STM32F4xx_StdPeriph_Driver/src/stm32f4xx_dma.o
DMA_GetITStatus                                   Libraries/STM32F4xx_StdPeriph_Driver/src/stm32f4xx_dma.o
DMA_ITConfig                                      Libraries/STM32F4xx_StdPeriph_Driver/src/stm32f4xx_dma.o
DMA_Init                                          Libraries/STM32F4xx_StdPeriph_Driver/src/stm32f4xx_dma.o
DMA_MemoryTargetConfig                            Libraries/STM32F4xx_StdPeriph_Driver/src/stm32f4xx_dma.o
DMA_PeriphIncOffsetSizeConfig                     Libraries/STM32F4xx_StdPeriph_Driver/src/stm32f4xx_dma.o
DMA_SetCurrDataCounter                            Libraries/STM32F4xx_StdPeriph_Driver/src/stm32f4xx_dma.o
DMA_StructInit                                    Libraries/STM32F4xx_StdPeriph_Driver/src/stm32f4xx_dma.o
DebugMon_Handler                                  src/stm32f4xx_it.o
                                                  src/startup_stm32f40xx.o
Default_Handler                                   src/startup_stm32f40xx.o
EXTI0_IRQHandler                                  src/startup_stm32f40xx.o
EXTI15_10_IRQHandler                              src/startup_stm32f40xx.o
EXTI1_IRQHandler                                  src/startup_stm32f40xx.o
EXTI2_IRQHandler                                  src/startup_stm32f40xx.o
EXTI3_IRQHandler                                  src/startup_stm32f40xx.o